Archive member included because of file (symbol)

c:/altera/13.1/nios2eds/bin/gnu/h-i686-mingw32/bin/../lib/gcc/nios2-elf/4.7.3/../../../../../H-i686-mingw32/nios2-elf/lib/mno-hw-mul\libc.a(lib_a-puts.o)
                              obj/default/hello_world.o (puts)
c:/altera/13.1/nios2eds/bin/gnu/h-i686-mingw32/bin/../lib/gcc/nios2-elf/4.7.3/../../../../../H-i686-mingw32/nios2-elf/lib/mno-hw-mul\libc.a(lib_a-strlen.o)
                              c:/altera/13.1/nios2eds/bin/gnu/h-i686-mingw32/bin/../lib/gcc/nios2-elf/4.7.3/../../../../../H-i686-mingw32/nios2-elf/lib/mno-hw-mul\libc.a(lib_a-puts.o) (strlen)
c:/altera/13.1/nios2eds/bin/gnu/h-i686-mingw32/bin/../lib/gcc/nios2-elf/4.7.3/../../../../../H-i686-mingw32/nios2-elf/lib/mno-hw-mul\libc.a(lib_a-fvwrite.o)
                              c:/altera/13.1/nios2eds/bin/gnu/h-i686-mingw32/bin/../lib/gcc/nios2-elf/4.7.3/../../../../../H-i686-mingw32/nios2-elf/lib/mno-hw-mul\libc.a(lib_a-puts.o) (__sfvwrite_r)
c:/altera/13.1/nios2eds/bin/gnu/h-i686-mingw32/bin/../lib/gcc/nios2-elf/4.7.3/../../../../../H-i686-mingw32/nios2-elf/lib/mno-hw-mul\libc.a(lib_a-impure.o)
                              c:/altera/13.1/nios2eds/bin/gnu/h-i686-mingw32/bin/../lib/gcc/nios2-elf/4.7.3/../../../../../H-i686-mingw32/nios2-elf/lib/mno-hw-mul\libc.a(lib_a-puts.o) (_impure_ptr)
c:/altera/13.1/nios2eds/bin/gnu/h-i686-mingw32/bin/../lib/gcc/nios2-elf/4.7.3/../../../../../H-i686-mingw32/nios2-elf/lib/mno-hw-mul\libc.a(lib_a-mallocr.o)
                              c:/altera/13.1/nios2eds/bin/gnu/h-i686-mingw32/bin/../lib/gcc/nios2-elf/4.7.3/../../../../../H-i686-mingw32/nios2-elf/lib/mno-hw-mul\libc.a(lib_a-fvwrite.o) (_malloc_r)
c:/altera/13.1/nios2eds/bin/gnu/h-i686-mingw32/bin/../lib/gcc/nios2-elf/4.7.3/../../../../../H-i686-mingw32/nios2-elf/lib/mno-hw-mul\libc.a(lib_a-memchr.o)
                              c:/altera/13.1/nios2eds/bin/gnu/h-i686-mingw32/bin/../lib/gcc/nios2-elf/4.7.3/../../../../../H-i686-mingw32/nios2-elf/lib/mno-hw-mul\libc.a(lib_a-fvwrite.o) (memchr)
c:/altera/13.1/nios2eds/bin/gnu/h-i686-mingw32/bin/../lib/gcc/nios2-elf/4.7.3/../../../../../H-i686-mingw32/nios2-elf/lib/mno-hw-mul\libc.a(lib_a-memcpy.o)
                              c:/altera/13.1/nios2eds/bin/gnu/h-i686-mingw32/bin/../lib/gcc/nios2-elf/4.7.3/../../../../../H-i686-mingw32/nios2-elf/lib/mno-hw-mul\libc.a(lib_a-fvwrite.o) (memcpy)
c:/altera/13.1/nios2eds/bin/gnu/h-i686-mingw32/bin/../lib/gcc/nios2-elf/4.7.3/../../../../../H-i686-mingw32/nios2-elf/lib/mno-hw-mul\libc.a(lib_a-memmove.o)
                              c:/altera/13.1/nios2eds/bin/gnu/h-i686-mingw32/bin/../lib/gcc/nios2-elf/4.7.3/../../../../../H-i686-mingw32/nios2-elf/lib/mno-hw-mul\libc.a(lib_a-fvwrite.o) (memmove)
c:/altera/13.1/nios2eds/bin/gnu/h-i686-mingw32/bin/../lib/gcc/nios2-elf/4.7.3/../../../../../H-i686-mingw32/nios2-elf/lib/mno-hw-mul\libc.a(lib_a-reallocr.o)
                              c:/altera/13.1/nios2eds/bin/gnu/h-i686-mingw32/bin/../lib/gcc/nios2-elf/4.7.3/../../../../../H-i686-mingw32/nios2-elf/lib/mno-hw-mul\libc.a(lib_a-fvwrite.o) (_realloc_r)
c:/altera/13.1/nios2eds/bin/gnu/h-i686-mingw32/bin/../lib/gcc/nios2-elf/4.7.3/../../../../../H-i686-mingw32/nios2-elf/lib/mno-hw-mul\libc.a(lib_a-sbrkr.o)
                              c:/altera/13.1/nios2eds/bin/gnu/h-i686-mingw32/bin/../lib/gcc/nios2-elf/4.7.3/../../../../../H-i686-mingw32/nios2-elf/lib/mno-hw-mul\libc.a(lib_a-mallocr.o) (_sbrk_r)
c:/altera/13.1/nios2eds/bin/gnu/h-i686-mingw32/bin/../lib/gcc/nios2-elf/4.7.3/../../../../../H-i686-mingw32/nios2-elf/lib/mno-hw-mul\libc.a(lib_a-wsetup.o)
                              c:/altera/13.1/nios2eds/bin/gnu/h-i686-mingw32/bin/../lib/gcc/nios2-elf/4.7.3/../../../../../H-i686-mingw32/nios2-elf/lib/mno-hw-mul\libc.a(lib_a-fvwrite.o) (__swsetup_r)
c:/altera/13.1/nios2eds/bin/gnu/h-i686-mingw32/bin/../lib/gcc/nios2-elf/4.7.3/../../../../../H-i686-mingw32/nios2-elf/lib/mno-hw-mul\libc.a(lib_a-fflush.o)
                              c:/altera/13.1/nios2eds/bin/gnu/h-i686-mingw32/bin/../lib/gcc/nios2-elf/4.7.3/../../../../../H-i686-mingw32/nios2-elf/lib/mno-hw-mul\libc.a(lib_a-fvwrite.o) (_fflush_r)
c:/altera/13.1/nios2eds/bin/gnu/h-i686-mingw32/bin/../lib/gcc/nios2-elf/4.7.3/../../../../../H-i686-mingw32/nios2-elf/lib/mno-hw-mul\libc.a(lib_a-findfp.o)
                              c:/altera/13.1/nios2eds/bin/gnu/h-i686-mingw32/bin/../lib/gcc/nios2-elf/4.7.3/../../../../../H-i686-mingw32/nios2-elf/lib/mno-hw-mul\libc.a(lib_a-wsetup.o) (__sinit)
c:/altera/13.1/nios2eds/bin/gnu/h-i686-mingw32/bin/../lib/gcc/nios2-elf/4.7.3/../../../../../H-i686-mingw32/nios2-elf/lib/mno-hw-mul\libc.a(lib_a-freer.o)
                              c:/altera/13.1/nios2eds/bin/gnu/h-i686-mingw32/bin/../lib/gcc/nios2-elf/4.7.3/../../../../../H-i686-mingw32/nios2-elf/lib/mno-hw-mul\libc.a(lib_a-fvwrite.o) (_free_r)
[...]
Memory Configuration

Name             Origin             Length             Attributes
reset            0x02000000         0x00000020
ddr_sdram        0x02000020         0x01ffffe0
onchip_ram_BEFORE_EXCEPTION 0x04008000         0x00000020
onchip_ram       0x04008020         0x00004fe0
*default*        0x00000000         0xffffffff

Linker script and memory map

LOAD ../testing_bsp//obj/HAL/src/crt0.o
LOAD obj/default/fileIO.o
LOAD obj/default/hello_world.o
LOAD c:/altera/13.1/nios2eds/bin/gnu/h-i686-mingw32/bin/../lib/gcc/nios2-elf/4.7.3/../../../../../H-i686-mingw32/nios2-elf/lib/mno-hw-mul\libstdc++.a
LOAD c:/altera/13.1/nios2eds/bin/gnu/h-i686-mingw32/bin/../lib/gcc/nios2-elf/4.7.3/../../../../../H-i686-mingw32/nios2-elf/lib/mno-hw-mul\libm.a
LOAD c:/altera/13.1/nios2eds/bin/gnu/h-i686-mingw32/bin/../lib/gcc/nios2-elf/4.7.3/mno-hw-mul\libgcc.a
START GROUP
LOAD c:/altera/13.1/nios2eds/bin/gnu/h-i686-mingw32/bin/../lib/gcc/nios2-elf/4.7.3/../../../../../H-i686-mingw32/nios2-elf/lib/mno-hw-mul\libc.a
LOAD c:/altera/13.1/nios2eds/bin/gnu/h-i686-mingw32/bin/../lib/gcc/nios2-elf/4.7.3/mno-hw-mul\libgcc.a
LOAD ../testing_bsp/\libhal_bsp.a
END GROUP
LOAD c:/altera/13.1/nios2eds/bin/gnu/h-i686-mingw32/bin/../lib/gcc/nios2-elf/4.7.3/mno-hw-mul\libgcc.a
                0x02000000                __alt_mem_ddr_sdram = 0x2000000
                0x04008000                __alt_mem_onchip_ram = 0x4008000

.entry          0x02000000       0x20
 *(.entry)
 .entry         0x02000000       0x20 ../testing_bsp//obj/HAL/src/crt0.o
                0x02000000                __reset

.exceptions     0x04008020      0x198 load address 0x02000020
                0x04008020                PROVIDE (__ram_exceptions_start, ABSOLUTE (.))
                0x04008020                . = ALIGN (0x20)
 *(.irq)
 *(.exceptions.entry.label)
 .exceptions.entry.label
                0x04008020        0x0 ../testing_bsp/\libhal_bsp.a(alt_irq_entry.o)
                0x04008020                alt_irq_entry
 .exceptions.entry.label
                0x04008020        0x0 ../testing_bsp/\libhal_bsp.a(alt_exception_entry.o)
                0x04008020                alt_exception
 *(.exceptions.entry.user)
 *(.exceptions.entry.ecc_fatal)
 *(.exceptions.entry)
 .exceptions.entry
                0x04008020       0x54 ../testing_bsp/\libhal_bsp.a(alt_exception_entry.o)
 *(.exceptions.irqtest.user)
 *(.exceptions.irqtest)
 .exceptions.irqtest
                0x04008074       0x10 ../testing_bsp/\libhal_bsp.a(alt_irq_entry.o)
 *(.exceptions.irqhandler.user)
 *(.exceptions.irqhandler)
 .exceptions.irqhandler
                0x04008084        0x4 ../testing_bsp/\libhal_bsp.a(alt_irq_entry.o)
 *(.exceptions.irqreturn.user)
 *(.exceptions.irqreturn)
 .exceptions.irqreturn
                0x04008088        0x4 ../testing_bsp/\libhal_bsp.a(alt_irq_entry.o)
 *(.exceptions.notirq.label)
 .exceptions.notirq.label
                0x0400808c        0x0 ../testing_bsp/\libhal_bsp.a(alt_irq_entry.o)
 *(.exceptions.notirq.user)
 *(.exceptions.notirq)
 .exceptions.notirq
                0x0400808c        0x8 ../testing_bsp/\libhal_bsp.a(alt_exception_entry.o)
 *(.exceptions.soft.user)
 *(.exceptions.soft)
 *(.exceptions.unknown.user)
 *(.exceptions.unknown)
 .exceptions.unknown
                0x04008094        0x4 ../testing_bsp/\libhal_bsp.a(alt_exception_entry.o)
 *(.exceptions.exit.label)
 .exceptions.exit.label
                0x04008098        0x0 ../testing_bsp/\libhal_bsp.a(alt_irq_entry.o)
 .exceptions.exit.label
                0x04008098        0x0 ../testing_bsp/\libhal_bsp.a(alt_exception_entry.o)
 *(.exceptions.exit.user)
 *(.exceptions.exit)
 .exceptions.exit
                0x04008098       0x54 ../testing_bsp/\libhal_bsp.a(alt_exception_entry.o)
 *(.exceptions)
 .exceptions    0x040080ec       0xcc ../testing_bsp/\libhal_bsp.a(alt_irq_handler.o)
                0x040080ec                alt_irq_handler
                0x040081b8                PROVIDE (__ram_exceptions_end, ABSOLUTE (.))
                0x02000020                PROVIDE (__flash_exceptions_start, LOADADDR (.exceptions))

.text           0x020001b8     0x5370
                0x020001b8                PROVIDE (stext, ABSOLUTE (.))
 *(.interp)
 *(.hash)
 *(.dynsym)
 *(.dynstr)
 *(.gnu.version)
 *(.gnu.version_d)
 *(.gnu.version_r)
 *(.rel.init)
 *(.rela.init)
 *(.rel.text .rel.text.* .rel.gnu.linkonce.t.*)
 *(.rela.text .rela.text.* .rela.gnu.linkonce.t.*)
 *(.rel.fini)
 *(.rela.fini)
 *(.rel.rodata .rel.rodata.* .rel.gnu.linkonce.r.*)
 *(.rela.rodata .rela.rodata.* .rela.gnu.linkonce.r.*)
 *(.rel.data .rel.data.* .rel.gnu.linkonce.d.*)
 *(.rela.data .rela.data.* .rela.gnu.linkonce.d.*)
 *(.rel.tdata .rel.tdata.* .rel.gnu.linkonce.td.*)
 *(.rela.tdata .rela.tdata.* .rela.gnu.linkonce.td.*)
 *(.rel.tbss .rel.tbss.* .rel.gnu.linkonce.tb.*)
 *(.rela.tbss .rela.tbss.* .rela.gnu.linkonce.tb.*)
 *(.rel.ctors)
 *(.rela.ctors)
 *(.rel.dtors)
 *(.rela.dtors)
 *(.rel.got)
 *(.rela.got)
 *(.rel.sdata .rel.sdata.* .rel.gnu.linkonce.s.*)
 *(.rela.sdata .rela.sdata.* .rela.gnu.linkonce.s.*)
 *(.rel.sbss .rel.sbss.* .rel.gnu.linkonce.sb.*)
 *(.rela.sbss .rela.sbss.* .rela.gnu.linkonce.sb.*)
 *(.rel.sdata2 .rel.sdata2.* .rel.gnu.linkonce.s2.*)
 *(.rela.sdata2 .rela.sdata2.* .rela.gnu.linkonce.s2.*)
 *(.rel.sbss2 .rel.sbss2.* .rel.gnu.linkonce.sb2.*)
 *(.rela.sbss2 .rela.sbss2.* .rela.gnu.linkonce.sb2.*)
 *(.rel.bss .rel.bss.* .rel.gnu.linkonce.b.*)
 *(.rela.bss .rela.bss.* .rela.gnu.linkonce.b.*)
 *(.rel.plt)
 *(.rela.plt)
 *(.rel.dyn)
 *(.init)
 *(.plt)
 *(.text .stub .text.* .gnu.linkonce.t.*)
 .text          0x020001b8       0x3c ../testing_bsp//obj/HAL/src/crt0.o
                0x020001b8                _start
 .text          0x020001f4        0x0 obj/default/fileIO.o
 .text          0x020001f4      0x144 obj/default/hello_world.o
                0x020002bc                main
 .text          0x02000338       0x98 c:/altera/13.1/nios2eds/bin/gnu/h-i686-mingw32/bin/../lib/gcc/nios2-elf/4.7.3/../../../../../H-i686-mingw32/nios2-elf/lib/mno-hw-mul\libc.a(lib_a-puts.o)
                0x02000338                _puts_r
                0x020003bc                puts
 .text          0x020003d0       0x8c c:/altera/13.1/nios2eds/bin/gnu/h-i686-mingw32/bin/../lib/gcc/nios2-elf/4.7.3/../../../../../H-i686-mingw32/nios2-elf/lib/mno-hw-mul\libc.a(lib_a-strlen.o)
                0x020003d0                strlen
 .text          0x0200045c      0x4e4 c:/altera/13.1/nios2eds/bin/gnu/h-i686-mingw32/bin/../lib/gcc/nios2-elf/4.7.3/../../../../../H-i686-mingw32/nios2-elf/lib/mno-hw-mul\libc.a(lib_a-fvwrite.o)
                0x0200045c                __sfvwrite_r
 .text          0x02000940        0x0 c:/altera/13.1/nios2eds/bin/gnu/h-i686-mingw32/bin/../lib/gcc/nios2-elf/4.7.3/../../../../../H-i686-mingw32/nios2-elf/lib/mno-hw-mul\libc.a(lib_a-impure.o)
 .text          0x02000940      0x784 c:/altera/13.1/nios2eds/bin/gnu/h-i686-mingw32/bin/../lib/gcc/nios2-elf/4.7.3/../../../../../H-i686-mingw32/nios2-elf/lib/mno-hw-mul\libc.a(lib_a-mallocr.o)
                0x02000940                _malloc_r
 .text          0x020010c4       0xf8 c:/altera/13.1/nios2eds/bin/gnu/h-i686-mingw32/bin/../lib/gcc/nios2-elf/4.7.3/../../../../../H-i686-mingw32/nios2-elf/lib/mno-hw-mul\libc.a(lib_a-memchr.o)
                0x020010c4                memchr
 .text          0x020011bc      0x140 c:/altera/13.1/nios2eds/bin/gnu/h-i686-mingw32/bin/../lib/gcc/nios2-elf/4.7.3/../../../../../H-i686-mingw32/nios2-elf/lib/mno-hw-mul\libc.a(lib_a-memcpy.o)
                0x020011bc                memcpy
 .text          0x020012fc      0x18c c:/altera/13.1/nios2eds/bin/gnu/h-i686-mingw32/bin/../lib/gcc/nios2-elf/4.7.3/../../../../../H-i686-mingw32/nios2-elf/lib/mno-hw-mul\libc.a(lib_a-memmove.o)
                0x020012fc                memmove
 .text          0x02001488      0x5fc c:/altera/13.1/nios2eds/bin/gnu/h-i686-mingw32/bin/../lib/gcc/nios2-elf/4.7.3/../../../../../H-i686-mingw32/nios2-elf/lib/mno-hw-mul\libc.a(lib_a-reallocr.o)
                0x02001488                _realloc_r
 .text          0x02001a84       0x64 c:/altera/13.1/nios2eds/bin/gnu/h-i686-mingw32/bin/../lib/gcc/nios2-elf/4.7.3/../../../../../H-i686-mingw32/nios2-elf/lib/mno-hw-mul\libc.a(lib_a-sbrkr.o)
                0x02001a84                _sbrk_r
 .text          0x02001ae8      0x174 c:/altera/13.1/nios2eds/bin/gnu/h-i686-mingw32/bin/../lib/gcc/nios2-elf/4.7.3/../../../../../H-i686-mingw32/nios2-elf/lib/mno-hw-mul\libc.a(lib_a-wsetup.o)
                0x02001ae8                __swsetup_r
 .text          0x02001c5c      0x218 c:/altera/13.1/nios2eds/bin/gnu/h-i686-mingw32/bin/../lib/gcc/nios2-elf/4.7.3/../../../../../H-i686-mingw32/nios2-elf/lib/mno-hw-mul\libc.a(lib_a-fflush.o)
                0x02001c5c                _fflush_r
                0x02001e44                fflush
 .text          0x02001e74      0x2ec c:/altera/13.1/nios2eds/bin/gnu/h-i686-mingw32/bin/../lib/gcc/nios2-elf/4.7.3/../../../../../H-i686-mingw32/nios2-elf/lib/mno-hw-mul\libc.a(lib_a-findfp.o)
                0x02001e84                _cleanup_r
                0x02001e90                __sfmoreglue
                0x02001f08                _cleanup
                0x02001f18                __sinit
                0x02002024                __sfp
                0x02002120                __sfp_lock_acquire
                0x02002124                __sfp_lock_release
                0x02002128                __sinit_lock_acquire
                0x0200212c                __sinit_lock_release
                0x02002130                __fp_lock_all
                0x02002148                __fp_unlock_all
 .text          0x02002160      0x40c c:/altera/13.1/nios2eds/bin/gnu/h-i686-mingw32/bin/../lib/gcc/nios2-elf/4.7.3/../../../../../H-i686-mingw32/nios2-elf/lib/mno-hw-mul\libc.a(lib_a-freer.o)
                0x02002160                _malloc_trim_r
                0x0200229c                _free_r
 .text          0x0200256c      0x160 c:/altera/13.1/nios2eds/bin/gnu/h-i686-mingw32/bin/../lib/gcc/nios2-elf/4.7.3/../../../../../H-i686-mingw32/nios2-elf/lib/mno-hw-mul\libc.a(lib_a-fwalk.o)
                0x0200256c                _fwalk
                0x02002614                _fwalk_reent
 .text          0x020026cc        0x0 c:/altera/13.1/nios2eds/bin/gnu/h-i686-mingw32/bin/../lib/gcc/nios2-elf/4.7.3/../../../../../H-i686-mingw32/nios2-elf/lib/mno-hw-mul\libc.a(lib_a-int_errno.o)
 .text          0x020026cc      0x1a8 c:/altera/13.1/nios2eds/bin/gnu/h-i686-mingw32/bin/../lib/gcc/nios2-elf/4.7.3/../../../../../H-i686-mingw32/nios2-elf/lib/mno-hw-mul\libc.a(lib_a-makebuf.o)
                0x020026cc                __smakebuf_r
 .text          0x02002874       0xdc c:/altera/13.1/nios2eds/bin/gnu/h-i686-mingw32/bin/../lib/gcc/nios2-elf/4.7.3/../../../../../H-i686-mingw32/nios2-elf/lib/mno-hw-mul\libc.a(lib_a-memset.o)
                0x02002874                memset
 .text          0x02002950      0x140 c:/altera/13.1/nios2eds/bin/gnu/h-i686-mingw32/bin/../lib/gcc/nios2-elf/4.7.3/../../../../../H-i686-mingw32/nios2-elf/lib/mno-hw-mul\libc.a(lib_a-stdio.o)
                0x02002950                __sread
                0x020029a4                __swrite
                0x02002a2c                __sseek
                0x02002a88                __sclose
 .text          0x02002a90       0x6c c:/altera/13.1/nios2eds/bin/gnu/h-i686-mingw32/bin/../lib/gcc/nios2-elf/4.7.3/../../../../../H-i686-mingw32/nios2-elf/lib/mno-hw-mul\libc.a(lib_a-writer.o)
                0x02002a90                _write_r
 .text          0x02002afc       0x64 c:/altera/13.1/nios2eds/bin/gnu/h-i686-mingw32/bin/../lib/gcc/nios2-elf/4.7.3/../../../../../H-i686-mingw32/nios2-elf/lib/mno-hw-mul\libc.a(lib_a-closer.o)
                0x02002afc                _close_r
 .text          0x02002b60      0x150 c:/altera/13.1/nios2eds/bin/gnu/h-i686-mingw32/bin/../lib/gcc/nios2-elf/4.7.3/../../../../../H-i686-mingw32/nios2-elf/lib/mno-hw-mul\libc.a(lib_a-fclose.o)
                0x02002b60                _fclose_r
                0x02002c9c                fclose
 .text          0x02002cb0       0x68 c:/altera/13.1/nios2eds/bin/gnu/h-i686-mingw32/bin/../lib/gcc/nios2-elf/4.7.3/../../../../../H-i686-mingw32/nios2-elf/lib/mno-hw-mul\libc.a(lib_a-fstatr.o)
                0x02002cb0                _fstat_r
 .text          0x02002d18       0x64 c:/altera/13.1/nios2eds/bin/gnu/h-i686-mingw32/bin/../lib/gcc/nios2-elf/4.7.3/../../../../../H-i686-mingw32/nios2-elf/lib/mno-hw-mul\libc.a(lib_a-isattyr.o)
                0x02002d18                _isatty_r
 .text          0x02002d7c       0x6c c:/altera/13.1/nios2eds/bin/gnu/h-i686-mingw32/bin/../lib/gcc/nios2-elf/4.7.3/../../../../../H-i686-mingw32/nios2-elf/lib/mno-hw-mul\libc.a(lib_a-lseekr.o)
                0x02002d7c                _lseek_r
 .text          0x02002de8       0x6c c:/altera/13.1/nios2eds/bin/gnu/h-i686-mingw32/bin/../lib/gcc/nios2-elf/4.7.3/../../../../../H-i686-mingw32/nios2-elf/lib/mno-hw-mul\libc.a(lib_a-readr.o)
                0x02002de8                _read_r
 .text          0x02002e54       0x28 c:/altera/13.1/nios2eds/bin/gnu/h-i686-mingw32/bin/../lib/gcc/nios2-elf/4.7.3/mno-hw-mul\libgcc.a(lib2-mul.o)
                0x02002e54                __mulsi3
 .text          0x02002e7c      0x11c ../testing_bsp/\libhal_bsp.a(alt_close.o)
                0x02002ecc                close
 .text          0x02002f98       0x2c ../testing_bsp/\libhal_bsp.a(alt_dev.o)
 .text          0x02002fc4        0x0 ../testing_bsp/\libhal_bsp.a(alt_errno.o)
 .text          0x02002fc4      0x100 ../testing_bsp/\libhal_bsp.a(alt_fstat.o)
                0x02003014                fstat
 .text          0x020030c4      0x1d8 ../testing_bsp/\libhal_bsp.a(alt_iic.o)
                0x020030c4                alt_ic_isr_register
                0x02003114                alt_ic_irq_enable
                0x020031b0                alt_ic_irq_disable
                0x02003250                alt_ic_irq_enabled
 .text          0x0200329c       0xf0 ../testing_bsp/\libhal_bsp.a(alt_iic_isr_register.o)
                0x0200329c                alt_iic_isr_register
 .text          0x0200338c        0x0 ../testing_bsp/\libhal_bsp.a(alt_irq_entry.o)
 .text          0x0200338c        0x0 ../testing_bsp/\libhal_bsp.a(alt_irq_handler.o)
 .text          0x0200338c        0x0 ../testing_bsp/\libhal_bsp.a(alt_irq_vars.o)
 .text          0x0200338c       0xf4 ../testing_bsp/\libhal_bsp.a(alt_isatty.o)
                0x020033dc                isatty
 .text          0x02003480       0xec ../testing_bsp/\libhal_bsp.a(alt_load.o)
                0x020034ec                alt_load
 .text          0x0200356c      0x124 ../testing_bsp/\libhal_bsp.a(alt_lseek.o)
                0x020035bc                lseek
 .text          0x02003690       0x78 ../testing_bsp/\libhal_bsp.a(alt_main.o)
                0x02003690                alt_main
 .text          0x02003708       0x40 ../testing_bsp/\libhal_bsp.a(alt_malloc_lock.o)
                0x02003708                __malloc_lock
                0x02003728                __malloc_unlock
 .text          0x02003748      0x144 ../testing_bsp/\libhal_bsp.a(alt_read.o)
                0x02003798                read
 .text          0x0200388c       0x80 ../testing_bsp/\libhal_bsp.a(alt_release_fd.o)
                0x0200388c                alt_release_fd
 .text          0x0200390c       0xb0 ../testing_bsp/\libhal_bsp.a(alt_sbrk.o)
                0x0200390c                sbrk
 .text          0x020039bc      0x140 ../testing_bsp/\libhal_bsp.a(alt_write.o)
                0x02003a0c                write
 .text          0x02003afc       0xb0 ../testing_bsp/\libhal_bsp.a(alt_sys_init.o)
                0x02003b34                alt_irq_init
                0x02003b68                alt_sys_init
 .text          0x02003bac      0x164 ../testing_bsp/\libhal_bsp.a(altera_avalon_jtag_uart_fd.o)
                0x02003bac                altera_avalon_jtag_uart_read_fd
                0x02003c0c                altera_avalon_jtag_uart_write_fd
                0x02003c6c                altera_avalon_jtag_uart_close_fd
                0x02003cbc                altera_avalon_jtag_uart_ioctl_fd
 .text          0x02003d10      0x3d0 ../testing_bsp/\libhal_bsp.a(altera_avalon_jtag_uart_init.o)
                0x02003d10                altera_avalon_jtag_uart_init
                0x02004078                altera_avalon_jtag_uart_close
 .text          0x020040e0       0xf4 ../testing_bsp/\libhal_bsp.a(altera_avalon_jtag_uart_ioctl.o)
                0x020040e0                altera_avalon_jtag_uart_ioctl
 .text          0x020041d4      0x218 ../testing_bsp/\libhal_bsp.a(altera_avalon_jtag_uart_read.o)
                0x020041d4                altera_avalon_jtag_uart_read
 .text          0x020043ec      0x224 ../testing_bsp/\libhal_bsp.a(altera_avalon_jtag_uart_write.o)
                0x020043ec                altera_avalon_jtag_uart_write
 .text          0x02004610      0x140 ../testing_bsp/\libhal_bsp.a(alt_alarm_start.o)
                0x02004610                alt_alarm_start
 .text          0x02004750       0x1c ../testing_bsp/\libhal_bsp.a(alt_dcache_flush_all.o)
                0x02004750                alt_dcache_flush_all
 .text          0x0200476c       0xf0 ../testing_bsp/\libhal_bsp.a(alt_dev_llist_insert.o)
                0x020047bc                alt_dev_llist_insert
 .text          0x0200485c       0x5c ../testing_bsp/\libhal_bsp.a(alt_do_ctors.o)
                0x0200485c                _do_ctors
 .text          0x020048b8       0x5c ../testing_bsp/\libhal_bsp.a(alt_do_dtors.o)
                0x020048b8                _do_dtors
 .text          0x02004914        0x0 ../testing_bsp/\libhal_bsp.a(alt_exception_entry.o)
 .text          0x02004914       0x1c ../testing_bsp/\libhal_bsp.a(alt_icache_flush_all.o)
                0x02004914                alt_icache_flush_all
 .text          0x02004930      0x158 ../testing_bsp/\libhal_bsp.a(alt_io_redirect.o)
                0x02004a10                alt_io_redirect
 .text          0x02004a88      0x298 ../testing_bsp/\libhal_bsp.a(alt_open.o)
                0x02004bc8                open
 .text          0x02004d20      0x19c ../testing_bsp/\libhal_bsp.a(alt_tick.o)
                0x02004d20                alt_alarm_stop
                0x02004db8                alt_tick
 .text          0x02004ebc       0x20 ../testing_bsp/\libhal_bsp.a(altera_nios2_qsys_irq.o)
                0x02004ebc                altera_nios2_qsys_irq_init
 .text          0x02004edc       0x90 ../testing_bsp/\libhal_bsp.a(alt_find_dev.o)
                0x02004edc                alt_find_dev
 .text          0x02004f6c      0x114 ../testing_bsp/\libhal_bsp.a(alt_find_file.o)
                0x02004f6c                alt_find_file
 .text          0x02005080       0xd4 ../testing_bsp/\libhal_bsp.a(alt_get_fd.o)
                0x02005080                alt_get_fd
 .text          0x02005154       0x14 c:/altera/13.1/nios2eds/bin/gnu/h-i686-mingw32/bin/../lib/gcc/nios2-elf/4.7.3/../../../../../H-i686-mingw32/nios2-elf/lib/mno-hw-mul\libc.a(lib_a-atexit.o)
                0x02005154                atexit
 .text          0x02005168       0x38 c:/altera/13.1/nios2eds/bin/gnu/h-i686-mingw32/bin/../lib/gcc/nios2-elf/4.7.3/../../../../../H-i686-mingw32/nios2-elf/lib/mno-hw-mul\libc.a(lib_a-exit.o)
                0x02005168                exit
 .text          0x020051a0       0x7c c:/altera/13.1/nios2eds/bin/gnu/h-i686-mingw32/bin/../lib/gcc/nios2-elf/4.7.3/../../../../../H-i686-mingw32/nios2-elf/lib/mno-hw-mul\libc.a(lib_a-memcmp.o)
                0x020051a0                memcmp
 .text          0x0200521c      0x130 c:/altera/13.1/nios2eds/bin/gnu/h-i686-mingw32/bin/../lib/gcc/nios2-elf/4.7.3/../../../../../H-i686-mingw32/nios2-elf/lib/mno-hw-mul\libc.a(lib_a-__atexit.o)
                0x0200521c                __register_exitproc
 .text          0x0200534c      0x1a0 c:/altera/13.1/nios2eds/bin/gnu/h-i686-mingw32/bin/../lib/gcc/nios2-elf/4.7.3/../../../../../H-i686-mingw32/nios2-elf/lib/mno-hw-mul\libc.a(lib_a-__call_atexit.o)
                0x0200534c                __call_exitprocs
 .text          0x020054ec       0x3c ../testing_bsp/\libhal_bsp.a(alt_exit.o)
                0x020054ec                _exit
 *(.gnu.warning.*)
 *(.fini)
                0x02005528                PROVIDE (__etext, ABSOLUTE (.))
                0x02005528                PROVIDE (_etext, ABSOLUTE (.))
                0x02005528                PROVIDE (etext, ABSOLUTE (.))
 *(.eh_frame_hdr)
                0x02005528                . = ALIGN (0x4)
                0x02005528                PROVIDE (__preinit_array_start, ABSOLUTE (.))
 *(.preinit_array)
                0x02005528                PROVIDE (__preinit_array_end, ABSOLUTE (.))
                0x02005528                PROVIDE (__init_array_start, ABSOLUTE (.))
 *(.init_array)
                0x02005528                PROVIDE (__init_array_end, ABSOLUTE (.))
                0x02005528                PROVIDE (__fini_array_start, ABSOLUTE (.))
 *(.fini_array)
                0x02005528                PROVIDE (__fini_array_end, ABSOLUTE (.))
 *(.eh_frame)
 *(.gcc_except_table .gcc_except_table.*)
 *(.dynamic)
                0x02005528                PROVIDE (__CTOR_LIST__, ABSOLUTE (.))
 *(.ctors)
 *(SORT(.ctors.*))
                0x02005528                PROVIDE (__CTOR_END__, ABSOLUTE (.))
                0x02005528                PROVIDE (__DTOR_LIST__, ABSOLUTE (.))
 *(.dtors)
 *(SORT(.dtors.*))
                0x02005528                PROVIDE (__DTOR_END__, ABSOLUTE (.))
 *(.jcr)
                0x02005528                . = ALIGN (0x4)

.rodata         0x02005528       0x48
                0x02005528                PROVIDE (__ram_rodata_start, ABSOLUTE (.))
                0x02005528                . = ALIGN (0x4)
 *(.rodata .rodata.* .gnu.linkonce.r.*)
 .rodata        0x02005528       0x14 obj/default/hello_world.o
 .rodata.str1.4
                0x0200553c        0x2 c:/altera/13.1/nios2eds/bin/gnu/h-i686-mingw32/bin/../lib/gcc/nios2-elf/4.7.3/../../../../../H-i686-mingw32/nios2-elf/lib/mno-hw-mul\libc.a(lib_a-puts.o)
                                  0x4 (size before relaxing)
 *fill*         0x0200553e        0x2 
 .rodata.str1.4
                0x02005540        0x4 c:/altera/13.1/nios2eds/bin/gnu/h-i686-mingw32/bin/../lib/gcc/nios2-elf/4.7.3/../../../../../H-i686-mingw32/nios2-elf/lib/mno-hw-mul\libc.a(lib_a-impure.o)
 .rodata        0x02005544        0xc ../testing_bsp/\libhal_bsp.a(alt_dev.o)
 .rodata        0x02005550       0x10 ../testing_bsp/\libhal_bsp.a(alt_main.o)
 .rodata        0x02005560       0x10 ../testing_bsp/\libhal_bsp.a(alt_sys_init.o)
 *(.rodata1)
                0x02005570                . = ALIGN (0x4)
                0x02005570                PROVIDE (__ram_rodata_end, ABSOLUTE (.))
                0x02005528                PROVIDE (__flash_rodata_start, LOADADDR (.rodata))

.rwdata         0x02005570     0x1a48 load address 0x02006fb8
                0x02005570                PROVIDE (__ram_rwdata_start, ABSOLUTE (.))
                0x02005570                . = ALIGN (0x4)
 *(.got.plt)
 *(.got)
 *(.data1)
 *(.data .data.* .gnu.linkonce.d.*)
 .data          0x02005570        0x0 ../testing_bsp//obj/HAL/src/crt0.o
 .data          0x02005570        0x0 obj/default/fileIO.o
 .data          0x02005570        0x0 obj/default/hello_world.o
 .data          0x02005570        0x0 c:/altera/13.1/nios2eds/bin/gnu/h-i686-mingw32/bin/../lib/gcc/nios2-elf/4.7.3/../../../../../H-i686-mingw32/nios2-elf/lib/mno-hw-mul\libc.a(lib_a-puts.o)
 .data          0x02005570        0x0 c:/altera/13.1/nios2eds/bin/gnu/h-i686-mingw32/bin/../lib/gcc/nios2-elf/4.7.3/../../../../../H-i686-mingw32/nios2-elf/lib/mno-hw-mul\libc.a(lib_a-strlen.o)
 .data          0x02005570        0x0 c:/altera/13.1/nios2eds/bin/gnu/h-i686-mingw32/bin/../lib/gcc/nios2-elf/4.7.3/../../../../../H-i686-mingw32/nios2-elf/lib/mno-hw-mul\libc.a(lib_a-fvwrite.o)
 .data          0x02005570      0x400 c:/altera/13.1/nios2eds/bin/gnu/h-i686-mingw32/bin/../lib/gcc/nios2-elf/4.7.3/../../../../../H-i686-mingw32/nios2-elf/lib/mno-hw-mul\libc.a(lib_a-impure.o)
 .data          0x02005970      0x408 c:/altera/13.1/nios2eds/bin/gnu/h-i686-mingw32/bin/../lib/gcc/nios2-elf/4.7.3/../../../../../H-i686-mingw32/nios2-elf/lib/mno-hw-mul\libc.a(lib_a-mallocr.o)
                0x02005970                __malloc_av_
 .data          0x02005d78        0x0 c:/altera/13.1/nios2eds/bin/gnu/h-i686-mingw32/bin/../lib/gcc/nios2-elf/4.7.3/../../../../../H-i686-mingw32/nios2-elf/lib/mno-hw-mul\libc.a(lib_a-memchr.o)
 .data          0x02005d78        0x0 c:/altera/13.1/nios2eds/bin/gnu/h-i686-mingw32/bin/../lib/gcc/nios2-elf/4.7.3/../../../../../H-i686-mingw32/nios2-elf/lib/mno-hw-mul\libc.a(lib_a-memcpy.o)
 .data          0x02005d78        0x0 c:/altera/13.1/nios2eds/bin/gnu/h-i686-mingw32/bin/../lib/gcc/nios2-elf/4.7.3/../../../../../H-i686-mingw32/nios2-elf/lib/mno-hw-mul\libc.a(lib_a-memmove.o)
 .data          0x02005d78        0x0 c:/altera/13.1/nios2eds/bin/gnu/h-i686-mingw32/bin/../lib/gcc/nios2-elf/4.7.3/../../../../../H-i686-mingw32/nios2-elf/lib/mno-hw-mul\libc.a(lib_a-reallocr.o)
 .data          0x02005d78        0x0 c:/altera/13.1/nios2eds/bin/gnu/h-i686-mingw32/bin/../lib/gcc/nios2-elf/4.7.3/../../../../../H-i686-mingw32/nios2-elf/lib/mno-hw-mul\libc.a(lib_a-sbrkr.o)
 .data          0x02005d78        0x0 c:/altera/13.1/nios2eds/bin/gnu/h-i686-mingw32/bin/../lib/gcc/nios2-elf/4.7.3/../../../../../H-i686-mingw32/nios2-elf/lib/mno-hw-mul\libc.a(lib_a-wsetup.o)
 .data          0x02005d78        0x0 c:/altera/13.1/nios2eds/bin/gnu/h-i686-mingw32/bin/../lib/gcc/nios2-elf/4.7.3/../../../../../H-i686-mingw32/nios2-elf/lib/mno-hw-mul\libc.a(lib_a-fflush.o)
 .data          0x02005d78        0x0 c:/altera/13.1/nios2eds/bin/gnu/h-i686-mingw32/bin/../lib/gcc/nios2-elf/4.7.3/../../../../../H-i686-mingw32/nios2-elf/lib/mno-hw-mul\libc.a(lib_a-findfp.o)
 .data          0x02005d78        0x0 c:/altera/13.1/nios2eds/bin/gnu/h-i686-mingw32/bin/../lib/gcc/nios2-elf/4.7.3/../../../../../H-i686-mingw32/nios2-elf/lib/mno-hw-mul\libc.a(lib_a-freer.o)
 .data          0x02005d78        0x0 c:/altera/13.1/nios2eds/bin/gnu/h-i686-mingw32/bin/../lib/gcc/nios2-elf/4.7.3/../../../../../H-i686-mingw32/nios2-elf/lib/mno-hw-mul\libc.a(lib_a-fwalk.o)
 .data          0x02005d78        0x0 c:/altera/13.1/nios2eds/bin/gnu/h-i686-mingw32/bin/../lib/gcc/nios2-elf/4.7.3/../../../../../H-i686-mingw32/nios2-elf/lib/mno-hw-mul\libc.a(lib_a-int_errno.o)
 .data          0x02005d78        0x0 c:/altera/13.1/nios2eds/bin/gnu/h-i686-mingw32/bin/../lib/gcc/nios2-elf/4.7.3/../../../../../H-i686-mingw32/nios2-elf/lib/mno-hw-mul\libc.a(lib_a-makebuf.o)
 .data          0x02005d78        0x0 c:/altera/13.1/nios2eds/bin/gnu/h-i686-mingw32/bin/../lib/gcc/nios2-elf/4.7.3/../../../../../H-i686-mingw32/nios2-elf/lib/mno-hw-mul\libc.a(lib_a-memset.o)
 .data          0x02005d78        0x0 c:/altera/13.1/nios2eds/bin/gnu/h-i686-mingw32/bin/../lib/gcc/nios2-elf/4.7.3/../../../../../H-i686-mingw32/nios2-elf/lib/mno-hw-mul\libc.a(lib_a-stdio.o)
 .data          0x02005d78        0x0 c:/altera/13.1/nios2eds/bin/gnu/h-i686-mingw32/bin/../lib/gcc/nios2-elf/4.7.3/../../../../../H-i686-mingw32/nios2-elf/lib/mno-hw-mul\libc.a(lib_a-writer.o)
 .data          0x02005d78        0x0 c:/altera/13.1/nios2eds/bin/gnu/h-i686-mingw32/bin/../lib/gcc/nios2-elf/4.7.3/../../../../../H-i686-mingw32/nios2-elf/lib/mno-hw-mul\libc.a(lib_a-closer.o)
 .data          0x02005d78        0x0 c:/altera/13.1/nios2eds/bin/gnu/h-i686-mingw32/bin/../lib/gcc/nios2-elf/4.7.3/../../../../../H-i686-mingw32/nios2-elf/lib/mno-hw-mul\libc.a(lib_a-fclose.o)
 .data          0x02005d78        0x0 c:/altera/13.1/nios2eds/bin/gnu/h-i686-mingw32/bin/../lib/gcc/nios2-elf/4.7.3/../../../../../H-i686-mingw32/nios2-elf/lib/mno-hw-mul\libc.a(lib_a-fstatr.o)
 .data          0x02005d78        0x0 c:/altera/13.1/nios2eds/bin/gnu/h-i686-mingw32/bin/../lib/gcc/nios2-elf/4.7.3/../../../../../H-i686-mingw32/nios2-elf/lib/mno-hw-mul\libc.a(lib_a-isattyr.o)
 .data          0x02005d78        0x0 c:/altera/13.1/nios2eds/bin/gnu/h-i686-mingw32/bin/../lib/gcc/nios2-elf/4.7.3/../../../../../H-i686-mingw32/nios2-elf/lib/mno-hw-mul\libc.a(lib_a-lseekr.o)
 .data          0x02005d78        0x0 c:/altera/13.1/nios2eds/bin/gnu/h-i686-mingw32/bin/../lib/gcc/nios2-elf/4.7.3/../../../../../H-i686-mingw32/nios2-elf/lib/mno-hw-mul\libc.a(lib_a-readr.o)
 .data          0x02005d78        0x0 c:/altera/13.1/nios2eds/bin/gnu/h-i686-mingw32/bin/../lib/gcc/nios2-elf/4.7.3/mno-hw-mul\libgcc.a(lib2-mul.o)
 .data          0x02005d78        0x0 ../testing_bsp/\libhal_bsp.a(alt_close.o)
 .data          0x02005d78      0x1a8 ../testing_bsp/\libhal_bsp.a(alt_dev.o)
                0x02005d78                alt_dev_null
                0x02005da0                alt_fd_list
 .data          0x02005f20        0x0 ../testing_bsp/\libhal_bsp.a(alt_errno.o)
 .data          0x02005f20        0x0 ../testing_bsp/\libhal_bsp.a(alt_fstat.o)
 .data          0x02005f20        0x0 ../testing_bsp/\libhal_bsp.a(alt_iic.o)
 .data          0x02005f20        0x0 ../testing_bsp/\libhal_bsp.a(alt_iic_isr_register.o)
 .data          0x02005f20        0x0 ../testing_bsp/\libhal_bsp.a(alt_irq_entry.o)
 .data          0x02005f20        0x0 ../testing_bsp/\libhal_bsp.a(alt_irq_handler.o)
 .data          0x02005f20        0x0 ../testing_bsp/\libhal_bsp.a(alt_irq_vars.o)
 .data          0x02005f20        0x0 ../testing_bsp/\libhal_bsp.a(alt_isatty.o)
 .data          0x02005f20        0x0 ../testing_bsp/\libhal_bsp.a(alt_load.o)
 .data          0x02005f20        0x0 ../testing_bsp/\libhal_bsp.a(alt_lseek.o)
 .data          0x02005f20        0x0 ../testing_bsp/\libhal_bsp.a(alt_main.o)
 .data          0x02005f20        0x0 ../testing_bsp/\libhal_bsp.a(alt_malloc_lock.o)
 .data          0x02005f20        0x0 ../testing_bsp/\libhal_bsp.a(alt_read.o)
 .data          0x02005f20        0x0 ../testing_bsp/\libhal_bsp.a(alt_release_fd.o)
 .data          0x02005f20        0x0 ../testing_bsp/\libhal_bsp.a(alt_sbrk.o)
 .data          0x02005f20        0x0 ../testing_bsp/\libhal_bsp.a(alt_write.o)
 .data          0x02005f20     0x1060 ../testing_bsp/\libhal_bsp.a(alt_sys_init.o)
 .data          0x02006f80        0x0 ../testing_bsp/\libhal_bsp.a(altera_avalon_jtag_uart_fd.o)
 .data          0x02006f80        0x0 ../testing_bsp/\libhal_bsp.a(altera_avalon_jtag_uart_init.o)
 .data          0x02006f80        0x0 ../testing_bsp/\libhal_bsp.a(altera_avalon_jtag_uart_ioctl.o)
 .data          0x02006f80        0x0 ../testing_bsp/\libhal_bsp.a(altera_avalon_jtag_uart_read.o)
 .data          0x02006f80        0x0 ../testing_bsp/\libhal_bsp.a(altera_avalon_jtag_uart_write.o)
 .data          0x02006f80        0x0 ../testing_bsp/\libhal_bsp.a(alt_alarm_start.o)
 .data          0x02006f80        0x0 ../testing_bsp/\libhal_bsp.a(alt_dcache_flush_all.o)
 .data          0x02006f80        0x0 ../testing_bsp/\libhal_bsp.a(alt_dev_llist_insert.o)
 .data          0x02006f80        0x0 ../testing_bsp/\libhal_bsp.a(alt_do_ctors.o)
 .data          0x02006f80        0x0 ../testing_bsp/\libhal_bsp.a(alt_do_dtors.o)
 .data          0x02006f80        0x0 ../testing_bsp/\libhal_bsp.a(alt_exception_entry.o)
 .data          0x02006f80        0x0 ../testing_bsp/\libhal_bsp.a(alt_icache_flush_all.o)
 .data          0x02006f80        0x0 ../testing_bsp/\libhal_bsp.a(alt_io_redirect.o)
 .data          0x02006f80        0x0 ../testing_bsp/\libhal_bsp.a(alt_open.o)
 .data          0x02006f80        0x0 ../testing_bsp/\libhal_bsp.a(alt_tick.o)
 .data          0x02006f80        0x0 ../testing_bsp/\libhal_bsp.a(altera_nios2_qsys_irq.o)
 .data          0x02006f80        0x0 ../testing_bsp/\libhal_bsp.a(alt_find_dev.o)
 .data          0x02006f80        0x0 ../testing_bsp/\libhal_bsp.a(alt_find_file.o)
 .data          0x02006f80        0x0 ../testing_bsp/\libhal_bsp.a(alt_get_fd.o)
 .data          0x02006f80        0x0 c:/altera/13.1/nios2eds/bin/gnu/h-i686-mingw32/bin/../lib/gcc/nios2-elf/4.7.3/../../../../../H-i686-mingw32/nios2-elf/lib/mno-hw-mul\libc.a(lib_a-atexit.o)
 .data          0x02006f80        0x0 c:/altera/13.1/nios2eds/bin/gnu/h-i686-mingw32/bin/../lib/gcc/nios2-elf/4.7.3/../../../../../H-i686-mingw32/nios2-elf/lib/mno-hw-mul\libc.a(lib_a-exit.o)
 .data          0x02006f80        0x0 c:/altera/13.1/nios2eds/bin/gnu/h-i686-mingw32/bin/../lib/gcc/nios2-elf/4.7.3/../../../../../H-i686-mingw32/nios2-elf/lib/mno-hw-mul\libc.a(lib_a-memcmp.o)
 .data          0x02006f80        0x0 c:/altera/13.1/nios2eds/bin/gnu/h-i686-mingw32/bin/../lib/gcc/nios2-elf/4.7.3/../../../../../H-i686-mingw32/nios2-elf/lib/mno-hw-mul\libc.a(lib_a-__atexit.o)
 .data          0x02006f80        0x0 c:/altera/13.1/nios2eds/bin/gnu/h-i686-mingw32/bin/../lib/gcc/nios2-elf/4.7.3/../../../../../H-i686-mingw32/nios2-elf/lib/mno-hw-mul\libc.a(lib_a-__call_atexit.o)
 .data          0x02006f80        0x0 ../testing_bsp/\libhal_bsp.a(alt_exit.o)
                0x0200ef80                _gp = ABSOLUTE ((. + 0x8000))
                0x0200ef80                PROVIDE (gp, _gp)
 *(.rwdata .rwdata.*)
 *(.sdata .sdata.* .gnu.linkonce.s.*)
 .sdata         0x02006f80        0x8 c:/altera/13.1/nios2eds/bin/gnu/h-i686-mingw32/bin/../lib/gcc/nios2-elf/4.7.3/../../../../../H-i686-mingw32/nios2-elf/lib/mno-hw-mul\libc.a(lib_a-impure.o)
                0x02006f80                _global_impure_ptr
                0x02006f84                _impure_ptr
 .sdata         0x02006f88        0x8 c:/altera/13.1/nios2eds/bin/gnu/h-i686-mingw32/bin/../lib/gcc/nios2-elf/4.7.3/../../../../../H-i686-mingw32/nios2-elf/lib/mno-hw-mul\libc.a(lib_a-mallocr.o)
                0x02006f88                __malloc_sbrk_base
                0x02006f8c                __malloc_trim_threshold
 .sdata         0x02006f90       0x14 ../testing_bsp/\libhal_bsp.a(alt_dev.o)
                0x02006f90                alt_fs_list
                0x02006f98                alt_dev_list
                0x02006fa0                alt_max_fd
 .sdata         0x02006fa4        0x4 ../testing_bsp/\libhal_bsp.a(alt_errno.o)
                0x02006fa4                alt_errno
 .sdata         0x02006fa8        0x4 ../testing_bsp/\libhal_bsp.a(alt_irq_vars.o)
                0x02006fa8                alt_priority_mask
 .sdata         0x02006fac        0x4 ../testing_bsp/\libhal_bsp.a(alt_sbrk.o)
 .sdata         0x02006fb0        0x8 ../testing_bsp/\libhal_bsp.a(alt_tick.o)
                0x02006fb0                alt_alarm_list
 *(.sdata2 .sdata2.* .gnu.linkonce.s2.*)
                0x02006fb8                . = ALIGN (0x4)
                0x02006fb8                _edata = ABSOLUTE (.)
                0x02006fb8                PROVIDE (edata, ABSOLUTE (.))
                0x02006fb8                PROVIDE (__ram_rwdata_end, ABSOLUTE (.))
                0x02006fb8                PROVIDE (__flash_rwdata_start, LOADADDR (.rwdata))

.bss            0x02008a00      0x2e4
                0x02008a00                __bss_start = ABSOLUTE (.)
                0x02008a00                PROVIDE (__sbss_start, ABSOLUTE (.))
                0x02008a00                PROVIDE (___sbss_start, ABSOLUTE (.))
 *(.dynsbss)
 *(.sbss .sbss.* .gnu.linkonce.sb.*)
 .sbss          0x02008a00        0x4 obj/default/hello_world.o
                0x02008a00                edge_capture
 .sbss          0x02008a04        0xc c:/altera/13.1/nios2eds/bin/gnu/h-i686-mingw32/bin/../lib/gcc/nios2-elf/4.7.3/../../../../../H-i686-mingw32/nios2-elf/lib/mno-hw-mul\libc.a(lib_a-mallocr.o)
                0x02008a04                __malloc_max_total_mem
                0x02008a08                __malloc_max_sbrked_mem
                0x02008a0c                __malloc_top_pad
 .sbss          0x02008a10        0x4 c:/altera/13.1/nios2eds/bin/gnu/h-i686-mingw32/bin/../lib/gcc/nios2-elf/4.7.3/../../../../../H-i686-mingw32/nios2-elf/lib/mno-hw-mul\libc.a(lib_a-int_errno.o)
                0x02008a10                errno
 .sbss          0x02008a14        0x4 ../testing_bsp/\libhal_bsp.a(alt_irq_vars.o)
                0x02008a14                alt_irq_active
 .sbss          0x02008a18        0xc ../testing_bsp/\libhal_bsp.a(alt_main.o)
                0x02008a18                alt_argc
                0x02008a1c                alt_argv
                0x02008a20                alt_envp
 .sbss          0x02008a24        0x8 ../testing_bsp/\libhal_bsp.a(alt_tick.o)
                0x02008a24                _alt_tick_rate
                0x02008a28                _alt_nticks
 *(.sbss2 .sbss2.* .gnu.linkonce.sb2.*)
 *(.scommon)
                0x02008a2c                PROVIDE (__sbss_end, ABSOLUTE (.))
                0x02008a2c                PROVIDE (___sbss_end, ABSOLUTE (.))
 *(.dynbss)
 *(.bss .bss.* .gnu.linkonce.b.*)
 .bss           0x02008a2c        0x0 ../testing_bsp//obj/HAL/src/crt0.o
 .bss           0x02008a2c        0x0 obj/default/fileIO.o
 .bss           0x02008a2c        0x0 obj/default/hello_world.o
 .bss           0x02008a2c        0x0 c:/altera/13.1/nios2eds/bin/gnu/h-i686-mingw32/bin/../lib/gcc/nios2-elf/4.7.3/../../../../../H-i686-mingw32/nios2-elf/lib/mno-hw-mul\libc.a(lib_a-puts.o)
 .bss           0x02008a2c        0x0 c:/altera/13.1/nios2eds/bin/gnu/h-i686-mingw32/bin/../lib/gcc/nios2-elf/4.7.3/../../../../../H-i686-mingw32/nios2-elf/lib/mno-hw-mul\libc.a(lib_a-strlen.o)
 .bss           0x02008a2c        0x0 c:/altera/13.1/nios2eds/bin/gnu/h-i686-mingw32/bin/../lib/gcc/nios2-elf/4.7.3/../../../../../H-i686-mingw32/nios2-elf/lib/mno-hw-mul\libc.a(lib_a-fvwrite.o)
 .bss           0x02008a2c        0x0 c:/altera/13.1/nios2eds/bin/gnu/h-i686-mingw32/bin/../lib/gcc/nios2-elf/4.7.3/../../../../../H-i686-mingw32/nios2-elf/lib/mno-hw-mul\libc.a(lib_a-impure.o)
 .bss           0x02008a2c       0x28 c:/altera/13.1/nios2eds/bin/gnu/h-i686-mingw32/bin/../lib/gcc/nios2-elf/4.7.3/../../../../../H-i686-mingw32/nios2-elf/lib/mno-hw-mul\libc.a(lib_a-mallocr.o)
                0x02008a2c                __malloc_current_mallinfo
 .bss           0x02008a54        0x0 c:/altera/13.1/nios2eds/bin/gnu/h-i686-mingw32/bin/../lib/gcc/nios2-elf/4.7.3/../../../../../H-i686-mingw32/nios2-elf/lib/mno-hw-mul\libc.a(lib_a-memchr.o)
 .bss           0x02008a54        0x0 c:/altera/13.1/nios2eds/bin/gnu/h-i686-mingw32/bin/../lib/gcc/nios2-elf/4.7.3/../../../../../H-i686-mingw32/nios2-elf/lib/mno-hw-mul\libc.a(lib_a-memcpy.o)
 .bss           0x02008a54        0x0 c:/altera/13.1/nios2eds/bin/gnu/h-i686-mingw32/bin/../lib/gcc/nios2-elf/4.7.3/../../../../../H-i686-mingw32/nios2-elf/lib/mno-hw-mul\libc.a(lib_a-memmove.o)
 .bss           0x02008a54        0x0 c:/altera/13.1/nios2eds/bin/gnu/h-i686-mingw32/bin/../lib/gcc/nios2-elf/4.7.3/../../../../../H-i686-mingw32/nios2-elf/lib/mno-hw-mul\libc.a(lib_a-reallocr.o)
 .bss           0x02008a54        0x0 c:/altera/13.1/nios2eds/bin/gnu/h-i686-mingw32/bin/../lib/gcc/nios2-elf/4.7.3/../../../../../H-i686-mingw32/nios2-elf/lib/mno-hw-mul\libc.a(lib_a-sbrkr.o)
 .bss           0x02008a54        0x0 c:/altera/13.1/nios2eds/bin/gnu/h-i686-mingw32/bin/../lib/gcc/nios2-elf/4.7.3/../../../../../H-i686-mingw32/nios2-elf/lib/mno-hw-mul\libc.a(lib_a-wsetup.o)
 .bss           0x02008a54        0x0 c:/altera/13.1/nios2eds/bin/gnu/h-i686-mingw32/bin/../lib/gcc/nios2-elf/4.7.3/../../../../../H-i686-mingw32/nios2-elf/lib/mno-hw-mul\libc.a(lib_a-fflush.o)
 .bss           0x02008a54        0x0 c:/altera/13.1/nios2eds/bin/gnu/h-i686-mingw32/bin/../lib/gcc/nios2-elf/4.7.3/../../../../../H-i686-mingw32/nios2-elf/lib/mno-hw-mul\libc.a(lib_a-findfp.o)
 .bss           0x02008a54        0x0 c:/altera/13.1/nios2eds/bin/gnu/h-i686-mingw32/bin/../lib/gcc/nios2-elf/4.7.3/../../../../../H-i686-mingw32/nios2-elf/lib/mno-hw-mul\libc.a(lib_a-freer.o)
 .bss           0x02008a54        0x0 c:/altera/13.1/nios2eds/bin/gnu/h-i686-mingw32/bin/../lib/gcc/nios2-elf/4.7.3/../../../../../H-i686-mingw32/nios2-elf/lib/mno-hw-mul\libc.a(lib_a-fwalk.o)
 .bss           0x02008a54        0x0 c:/altera/13.1/nios2eds/bin/gnu/h-i686-mingw32/bin/../lib/gcc/nios2-elf/4.7.3/../../../../../H-i686-mingw32/nios2-elf/lib/mno-hw-mul\libc.a(lib_a-int_errno.o)
 .bss           0x02008a54        0x0 c:/altera/13.1/nios2eds/bin/gnu/h-i686-mingw32/bin/../lib/gcc/nios2-elf/4.7.3/../../../../../H-i686-mingw32/nios2-elf/lib/mno-hw-mul\libc.a(lib_a-makebuf.o)
 .bss           0x02008a54        0x0 c:/altera/13.1/nios2eds/bin/gnu/h-i686-mingw32/bin/../lib/gcc/nios2-elf/4.7.3/../../../../../H-i686-mingw32/nios2-elf/lib/mno-hw-mul\libc.a(lib_a-memset.o)
 .bss           0x02008a54        0x0 c:/altera/13.1/nios2eds/bin/gnu/h-i686-mingw32/bin/../lib/gcc/nios2-elf/4.7.3/../../../../../H-i686-mingw32/nios2-elf/lib/mno-hw-mul\libc.a(lib_a-stdio.o)
 .bss           0x02008a54        0x0 c:/altera/13.1/nios2eds/bin/gnu/h-i686-mingw32/bin/../lib/gcc/nios2-elf/4.7.3/../../../../../H-i686-mingw32/nios2-elf/lib/mno-hw-mul\libc.a(lib_a-writer.o)
 .bss           0x02008a54        0x0 c:/altera/13.1/nios2eds/bin/gnu/h-i686-mingw32/bin/../lib/gcc/nios2-elf/4.7.3/../../../../../H-i686-mingw32/nios2-elf/lib/mno-hw-mul\libc.a(lib_a-closer.o)
 .bss           0x02008a54        0x0 c:/altera/13.1/nios2eds/bin/gnu/h-i686-mingw32/bin/../lib/gcc/nios2-elf/4.7.3/../../../../../H-i686-mingw32/nios2-elf/lib/mno-hw-mul\libc.a(lib_a-fclose.o)
 .bss           0x02008a54        0x0 c:/altera/13.1/nios2eds/bin/gnu/h-i686-mingw32/bin/../lib/gcc/nios2-elf/4.7.3/../../../../../H-i686-mingw32/nios2-elf/lib/mno-hw-mul\libc.a(lib_a-fstatr.o)
 .bss           0x02008a54        0x0 c:/altera/13.1/nios2eds/bin/gnu/h-i686-mingw32/bin/../lib/gcc/nios2-elf/4.7.3/../../../../../H-i686-mingw32/nios2-elf/lib/mno-hw-mul\libc.a(lib_a-isattyr.o)
 .bss           0x02008a54        0x0 c:/altera/13.1/nios2eds/bin/gnu/h-i686-mingw32/bin/../lib/gcc/nios2-elf/4.7.3/../../../../../H-i686-mingw32/nios2-elf/lib/mno-hw-mul\libc.a(lib_a-lseekr.o)
 .bss           0x02008a54        0x0 c:/altera/13.1/nios2eds/bin/gnu/h-i686-mingw32/bin/../lib/gcc/nios2-elf/4.7.3/../../../../../H-i686-mingw32/nios2-elf/lib/mno-hw-mul\libc.a(lib_a-readr.o)
 .bss           0x02008a54        0x0 c:/altera/13.1/nios2eds/bin/gnu/h-i686-mingw32/bin/../lib/gcc/nios2-elf/4.7.3/mno-hw-mul\libgcc.a(lib2-mul.o)
 .bss           0x02008a54        0x0 ../testing_bsp/\libhal_bsp.a(alt_close.o)
 .bss           0x02008a54        0x0 ../testing_bsp/\libhal_bsp.a(alt_dev.o)
 .bss           0x02008a54        0x0 ../testing_bsp/\libhal_bsp.a(alt_errno.o)
 .bss           0x02008a54        0x0 ../testing_bsp/\libhal_bsp.a(alt_fstat.o)
 .bss           0x02008a54        0x0 ../testing_bsp/\libhal_bsp.a(alt_iic.o)
 .bss           0x02008a54        0x0 ../testing_bsp/\libhal_bsp.a(alt_iic_isr_register.o)
 .bss           0x02008a54        0x0 ../testing_bsp/\libhal_bsp.a(alt_irq_entry.o)
 .bss           0x02008a54        0x0 ../testing_bsp/\libhal_bsp.a(alt_irq_handler.o)
 .bss           0x02008a54        0x0 ../testing_bsp/\libhal_bsp.a(alt_irq_vars.o)
 .bss           0x02008a54        0x0 ../testing_bsp/\libhal_bsp.a(alt_isatty.o)
 .bss           0x02008a54        0x0 ../testing_bsp/\libhal_bsp.a(alt_load.o)
 .bss           0x02008a54        0x0 ../testing_bsp/\libhal_bsp.a(alt_lseek.o)
 .bss           0x02008a54        0x0 ../testing_bsp/\libhal_bsp.a(alt_main.o)
 .bss           0x02008a54        0x0 ../testing_bsp/\libhal_bsp.a(alt_malloc_lock.o)
 .bss           0x02008a54        0x0 ../testing_bsp/\libhal_bsp.a(alt_read.o)
 .bss           0x02008a54        0x0 ../testing_bsp/\libhal_bsp.a(alt_release_fd.o)
 .bss           0x02008a54        0x0 ../testing_bsp/\libhal_bsp.a(alt_sbrk.o)
 .bss           0x02008a54        0x0 ../testing_bsp/\libhal_bsp.a(alt_write.o)
 .bss           0x02008a54        0x0 ../testing_bsp/\libhal_bsp.a(alt_sys_init.o)
 .bss           0x02008a54        0x0 ../testing_bsp/\libhal_bsp.a(altera_avalon_jtag_uart_fd.o)
 .bss           0x02008a54        0x0 ../testing_bsp/\libhal_bsp.a(altera_avalon_jtag_uart_init.o)
 .bss           0x02008a54        0x0 ../testing_bsp/\libhal_bsp.a(altera_avalon_jtag_uart_ioctl.o)
 .bss           0x02008a54        0x0 ../testing_bsp/\libhal_bsp.a(altera_avalon_jtag_uart_read.o)
 .bss           0x02008a54        0x0 ../testing_bsp/\libhal_bsp.a(altera_avalon_jtag_uart_write.o)
 .bss           0x02008a54        0x0 ../testing_bsp/\libhal_bsp.a(alt_alarm_start.o)
 .bss           0x02008a54        0x0 ../testing_bsp/\libhal_bsp.a(alt_dcache_flush_all.o)
 .bss           0x02008a54        0x0 ../testing_bsp/\libhal_bsp.a(alt_dev_llist_insert.o)
 .bss           0x02008a54        0x0 ../testing_bsp/\libhal_bsp.a(alt_do_ctors.o)
 .bss           0x02008a54        0x0 ../testing_bsp/\libhal_bsp.a(alt_do_dtors.o)
 .bss           0x02008a54        0x0 ../testing_bsp/\libhal_bsp.a(alt_exception_entry.o)
 .bss           0x02008a54        0x0 ../testing_bsp/\libhal_bsp.a(alt_icache_flush_all.o)
 .bss           0x02008a54        0x0 ../testing_bsp/\libhal_bsp.a(alt_io_redirect.o)
 .bss           0x02008a54        0x0 ../testing_bsp/\libhal_bsp.a(alt_open.o)
 .bss           0x02008a54        0x0 ../testing_bsp/\libhal_bsp.a(alt_tick.o)
 .bss           0x02008a54        0x0 ../testing_bsp/\libhal_bsp.a(altera_nios2_qsys_irq.o)
 .bss           0x02008a54        0x0 ../testing_bsp/\libhal_bsp.a(alt_find_dev.o)
 .bss           0x02008a54        0x0 ../testing_bsp/\libhal_bsp.a(alt_find_file.o)
 .bss           0x02008a54        0x0 ../testing_bsp/\libhal_bsp.a(alt_get_fd.o)
 .bss           0x02008a54        0x0 c:/altera/13.1/nios2eds/bin/gnu/h-i686-mingw32/bin/../lib/gcc/nios2-elf/4.7.3/../../../../../H-i686-mingw32/nios2-elf/lib/mno-hw-mul\libc.a(lib_a-atexit.o)
 .bss           0x02008a54        0x0 c:/altera/13.1/nios2eds/bin/gnu/h-i686-mingw32/bin/../lib/gcc/nios2-elf/4.7.3/../../../../../H-i686-mingw32/nios2-elf/lib/mno-hw-mul\libc.a(lib_a-exit.o)
 .bss           0x02008a54        0x0 c:/altera/13.1/nios2eds/bin/gnu/h-i686-mingw32/bin/../lib/gcc/nios2-elf/4.7.3/../../../../../H-i686-mingw32/nios2-elf/lib/mno-hw-mul\libc.a(lib_a-memcmp.o)
 .bss           0x02008a54        0x0 c:/altera/13.1/nios2eds/bin/gnu/h-i686-mingw32/bin/../lib/gcc/nios2-elf/4.7.3/../../../../../H-i686-mingw32/nios2-elf/lib/mno-hw-mul\libc.a(lib_a-__atexit.o)
 .bss           0x02008a54        0x0 c:/altera/13.1/nios2eds/bin/gnu/h-i686-mingw32/bin/../lib/gcc/nios2-elf/4.7.3/../../../../../H-i686-mingw32/nios2-elf/lib/mno-hw-mul\libc.a(lib_a-__call_atexit.o)
 .bss           0x02008a54        0x0 ../testing_bsp/\libhal_bsp.a(alt_exit.o)
 *(COMMON)
 COMMON         0x02008a54      0x100 ../testing_bsp/\libhal_bsp.a(alt_irq_handler.o)
                0x02008a54                alt_irq
 COMMON         0x02008b54      0x190 c:/altera/13.1/nios2eds/bin/gnu/h-i686-mingw32/bin/../lib/gcc/nios2-elf/4.7.3/../../../../../H-i686-mingw32/nios2-elf/lib/mno-hw-mul\libc.a(lib_a-atexit.o)
                0x02008b54                _atexit0
                0x02008ce4                . = ALIGN (0x4)
                0x02008ce4                __bss_end = ABSOLUTE (.)

.ddr_sdram      0x02008ce4        0x0
                0x02008ce4                PROVIDE (_alt_partition_ddr_sdram_start, ABSOLUTE (.))
 *(.ddr_sdram .ddr_sdram. ddr_sdram.*)
                0x02008ce4                . = ALIGN (0x4)
                0x02008ce4                PROVIDE (_alt_partition_ddr_sdram_end, ABSOLUTE (.))
                0x02008ce4                _end = ABSOLUTE (.)
                0x02008ce4                end = ABSOLUTE (.)
                0x02008ce4                __alt_stack_base = ABSOLUTE (.)
                0x02008ce4                PROVIDE (_alt_partition_ddr_sdram_load_addr, LOADADDR (.ddr_sdram))

.onchip_ram     0x040081b8        0x0 load address 0x02008ce4
                0x040081b8                PROVIDE (_alt_partition_onchip_ram_start, ABSOLUTE (.))
 *(.onchip_ram .onchip_ram. onchip_ram.*)
                0x040081b8                . = ALIGN (0x4)
                0x040081b8                PROVIDE (_alt_partition_onchip_ram_end, ABSOLUTE (.))
                0x02008ce4                PROVIDE (_alt_partition_onchip_ram_load_addr, LOADADDR (.onchip_ram))

.stab
 *(.stab)

.stabstr
 *(.stabstr)

.stab.excl
 *(.stab.excl)

.stab.exclstr
 *(.stab.exclstr)

.stab.index
 *(.stab.index)

.stab.indexstr
 *(.stab.indexstr)

.comment        0x00000000       0x23
 *(.comment)
 .comment       0x00000000       0x23 obj/default/fileIO.o
                                 0x24 (size before relaxing)
 .comment       0x00000000       0x24 obj/default/hello_world.o
 .comment       0x00000000       0x24 c:/altera/13.1/nios2eds/bin/gnu/h-i686-mingw32/bin/../lib/gcc/nios2-elf/4.7.3/../../../../../H-i686-mingw32/nios2-elf/lib/mno-hw-mul\libc.a(lib_a-puts.o)
 .comment       0x00000000       0x24 c:/altera/13.1/nios2eds/bin/gnu/h-i686-mingw32/bin/../lib/gcc/nios2-elf/4.7.3/../../../../../H-i686-mingw32/nios2-elf/lib/mno-hw-mul\libc.a(lib_a-strlen.o)
 .comment       0x00000000       0x24 c:/altera/13.1/nios2eds/bin/gnu/h-i686-mingw32/bin/../lib/gcc/nios2-elf/4.7.3/../../../../../H-i686-mingw32/nios2-elf/lib/mno-hw-mul\libc.a(lib_a-fvwrite.o)
 .comment       0x00000000       0x24 c:/altera/13.1/nios2eds/bin/gnu/h-i686-mingw32/bin/../lib/gcc/nios2-elf/4.7.3/../../../../../H-i686-mingw32/nios2-elf/lib/mno-hw-mul\libc.a(lib_a-impure.o)
 .comment       0x00000000       0x24 c:/altera/13.1/nios2eds/bin/gnu/h-i686-mingw32/bin/../lib/gcc/nios2-elf/4.7.3/../../../../../H-i686-mingw32/nios2-elf/lib/mno-hw-mul\libc.a(lib_a-mallocr.o)
 .comment       0x00000000       0x24 c:/altera/13.1/nios2eds/bin/gnu/h-i686-mingw32/bin/../lib/gcc/nios2-elf/4.7.3/../../../../../H-i686-mingw32/nios2-elf/lib/mno-hw-mul\libc.a(lib_a-memchr.o)
 .comment       0x00000000       0x24 c:/altera/13.1/nios2eds/bin/gnu/h-i686-mingw32/bin/../lib/gcc/nios2-elf/4.7.3/../../../../../H-i686-mingw32/nios2-elf/lib/mno-hw-mul\libc.a(lib_a-memcpy.o)
 .comment       0x00000000       0x24 c:/altera/13.1/nios2eds/bin/gnu/h-i686-mingw32/bin/../lib/gcc/nios2-elf/4.7.3/../../../../../H-i686-mingw32/nios2-elf/lib/mno-hw-mul\libc.a(lib_a-memmove.o)
 .comment       0x00000000       0x24 c:/altera/13.1/nios2eds/bin/gnu/h-i686-mingw32/bin/../lib/gcc/nios2-elf/4.7.3/../../../../../H-i686-mingw32/nios2-elf/lib/mno-hw-mul\libc.a(lib_a-reallocr.o)
 .comment       0x00000000       0x24 c:/altera/13.1/nios2eds/bin/gnu/h-i686-mingw32/bin/../lib/gcc/nios2-elf/4.7.3/../../../../../H-i686-mingw32/nios2-elf/lib/mno-hw-mul\libc.a(lib_a-sbrkr.o)
 .comment       0x00000000       0x24 c:/altera/13.1/nios2eds/bin/gnu/h-i686-mingw32/bin/../lib/gcc/nios2-elf/4.7.3/../../../../../H-i686-mingw32/nios2-elf/lib/mno-hw-mul\libc.a(lib_a-wsetup.o)
 .comment       0x00000000       0x24 c:/altera/13.1/nios2eds/bin/gnu/h-i686-mingw32/bin/../lib/gcc/nios2-elf/4.7.3/../../../../../H-i686-mingw32/nios2-elf/lib/mno-hw-mul\libc.a(lib_a-fflush.o)
 .comment       0x00000000       0x24 c:/altera/13.1/nios2eds/bin/gnu/h-i686-mingw32/bin/../lib/gcc/nios2-elf/4.7.3/../../../../../H-i686-mingw32/nios2-elf/lib/mno-hw-mul\libc.a(lib_a-findfp.o)
 .comment       0x00000000       0x24 c:/altera/13.1/nios2eds/bin/gnu/h-i686-mingw32/bin/../lib/gcc/nios2-elf/4.7.3/../../../../../H-i686-mingw32/nios2-elf/lib/mno-hw-mul\libc.a(lib_a-freer.o)
 .comment       0x00000000       0x24 c:/altera/13.1/nios2eds/bin/gnu/h-i686-mingw32/bin/../lib/gcc/nios2-elf/4.7.3/../../../../../H-i686-mingw32/nios2-elf/lib/mno-hw-mul\libc.a(lib_a-fwalk.o)
 .comment       0x00000000       0x24 c:/altera/13.1/nios2eds/bin/gnu/h-i686-mingw32/bin/../lib/gcc/nios2-elf/4.7.3/../../../../../H-i686-mingw32/nios2-elf/lib/mno-hw-mul\libc.a(lib_a-int_errno.o)
 .comment       0x00000000       0x24 c:/altera/13.1/nios2eds/bin/gnu/h-i686-mingw32/bin/../lib/gcc/nios2-elf/4.7.3/../../../../../H-i686-mingw32/nios2-elf/lib/mno-hw-mul\libc.a(lib_a-makebuf.o)
 .comment       0x00000000       0x24 c:/altera/13.1/nios2eds/bin/gnu/h-i686-mingw32/bin/../lib/gcc/nios2-elf/4.7.3/../../../../../H-i686-mingw32/nios2-elf/lib/mno-hw-mul\libc.a(lib_a-memset.o)
 .comment       0x00000000       0x24 c:/altera/13.1/nios2eds/bin/gnu/h-i686-mingw32/bin/../lib/gcc/nios2-elf/4.7.3/../../../../../H-i686-mingw32/nios2-elf/lib/mno-hw-mul\libc.a(lib_a-stdio.o)
 .comment       0x00000000       0x24 c:/altera/13.1/nios2eds/bin/gnu/h-i686-mingw32/bin/../lib/gcc/nios2-elf/4.7.3/../../../../../H-i686-mingw32/nios2-elf/lib/mno-hw-mul\libc.a(lib_a-writer.o)
 .comment       0x00000000       0x24 c:/altera/13.1/nios2eds/bin/gnu/h-i686-mingw32/bin/../lib/gcc/nios2-elf/4.7.3/../../../../../H-i686-mingw32/nios2-elf/lib/mno-hw-mul\libc.a(lib_a-closer.o)
 .comment       0x00000000       0x24 c:/altera/13.1/nios2eds/bin/gnu/h-i686-mingw32/bin/../lib/gcc/nios2-elf/4.7.3/../../../../../H-i686-mingw32/nios2-elf/lib/mno-hw-mul\libc.a(lib_a-fclose.o)
 .comment       0x00000000       0x24 c:/altera/13.1/nios2eds/bin/gnu/h-i686-mingw32/bin/../lib/gcc/nios2-elf/4.7.3/../../../../../H-i686-mingw32/nios2-elf/lib/mno-hw-mul\libc.a(lib_a-fstatr.o)
 .comment       0x00000000       0x24 c:/altera/13.1/nios2eds/bin/gnu/h-i686-mingw32/bin/../lib/gcc/nios2-elf/4.7.3/../../../../../H-i686-mingw32/nios2-elf/lib/mno-hw-mul\libc.a(lib_a-isattyr.o)
 .comment       0x00000000       0x24 c:/altera/13.1/nios2eds/bin/gnu/h-i686-mingw32/bin/../lib/gcc/nios2-elf/4.7.3/../../../../../H-i686-mingw32/nios2-elf/lib/mno-hw-mul\libc.a(lib_a-lseekr.o)
 .comment       0x00000000       0x24 c:/altera/13.1/nios2eds/bin/gnu/h-i686-mingw32/bin/../lib/gcc/nios2-elf/4.7.3/../../../../../H-i686-mingw32/nios2-elf/lib/mno-hw-mul\libc.a(lib_a-readr.o)
 .comment       0x00000000       0x24 c:/altera/13.1/nios2eds/bin/gnu/h-i686-mingw32/bin/../lib/gcc/nios2-elf/4.7.3/mno-hw-mul\libgcc.a(lib2-mul.o)
 .comment       0x00000000       0x24 ../testing_bsp/\libhal_bsp.a(alt_close.o)
 .comment       0x00000000       0x24 ../testing_bsp/\libhal_bsp.a(alt_dev.o)
 .comment       0x00000000       0x24 ../testing_bsp/\libhal_bsp.a(alt_errno.o)
 .comment       0x00000000       0x24 ../testing_bsp/\libhal_bsp.a(alt_fstat.o)
 .comment       0x00000000       0x24 ../testing_bsp/\libhal_bsp.a(alt_iic.o)
 .comment       0x00000000       0x24 ../testing_bsp/\libhal_bsp.a(alt_iic_isr_register.o)
 .comment       0x00000000       0x24 ../testing_bsp/\libhal_bsp.a(alt_irq_handler.o)
 .comment       0x00000000       0x24 ../testing_bsp/\libhal_bsp.a(alt_irq_vars.o)
 .comment       0x00000000       0x24 ../testing_bsp/\libhal_bsp.a(alt_isatty.o)
 .comment       0x00000000       0x24 ../testing_bsp/\libhal_bsp.a(alt_load.o)
 .comment       0x00000000       0x24 ../testing_bsp/\libhal_bsp.a(alt_lseek.o)
 .comment       0x00000000       0x24 ../testing_bsp/\libhal_bsp.a(alt_main.o)
 .comment       0x00000000       0x24 ../testing_bsp/\libhal_bsp.a(alt_malloc_lock.o)
 .comment       0x00000000       0x24 ../testing_bsp/\libhal_bsp.a(alt_read.o)
 .comment       0x00000000       0x24 ../testing_bsp/\libhal_bsp.a(alt_release_fd.o)
 .comment       0x00000000       0x24 ../testing_bsp/\libhal_bsp.a(alt_sbrk.o)
 .comment       0x00000000       0x24 ../testing_bsp/\libhal_bsp.a(alt_write.o)
 .comment       0x00000000       0x24 ../testing_bsp/\libhal_bsp.a(alt_sys_init.o)
 .comment       0x00000000       0x24 ../testing_bsp/\libhal_bsp.a(altera_avalon_jtag_uart_fd.o)
 .comment       0x00000000       0x24 ../testing_bsp/\libhal_bsp.a(altera_avalon_jtag_uart_init.o)
 .comment       0x00000000       0x24 ../testing_bsp/\libhal_bsp.a(altera_avalon_jtag_uart_ioctl.o)
 .comment       0x00000000       0x24 ../testing_bsp/\libhal_bsp.a(altera_avalon_jtag_uart_read.o)
 .comment       0x00000000       0x24 ../testing_bsp/\libhal_bsp.a(altera_avalon_jtag_uart_write.o)
 .comment       0x00000000       0x24 ../testing_bsp/\libhal_bsp.a(alt_alarm_start.o)
 .comment       0x00000000       0x24 ../testing_bsp/\libhal_bsp.a(alt_dcache_flush_all.o)
 .comment       0x00000000       0x24 ../testing_bsp/\libhal_bsp.a(alt_dev_llist_insert.o)
 .comment       0x00000000       0x24 ../testing_bsp/\libhal_bsp.a(alt_do_ctors.o)
 .comment       0x00000000       0x24 ../testing_bsp/\libhal_bsp.a(alt_do_dtors.o)
 .comment       0x00000000       0x24 ../testing_bsp/\libhal_bsp.a(alt_icache_flush_all.o)
 .comment       0x00000000       0x24 ../testing_bsp/\libhal_bsp.a(alt_io_redirect.o)
 .comment       0x00000000       0x24 ../testing_bsp/\libhal_bsp.a(alt_open.o)
 .comment       0x00000000       0x24 ../testing_bsp/\libhal_bsp.a(alt_tick.o)
 .comment       0x00000000       0x24 ../testing_bsp/\libhal_bsp.a(altera_nios2_qsys_irq.o)
 .comment       0x00000000       0x24 ../testing_bsp/\libhal_bsp.a(alt_find_dev.o)
 .comment       0x00000000       0x24 ../testing_bsp/\libhal_bsp.a(alt_find_file.o)
 .comment       0x00000000       0x24 ../testing_bsp/\libhal_bsp.a(alt_get_fd.o)
 .comment       0x00000000       0x24 c:/altera/13.1/nios2eds/bin/gnu/h-i686-mingw32/bin/../lib/gcc/nios2-elf/4.7.3/../../../../../H-i686-mingw32/nios2-elf/lib/mno-hw-mul\libc.a(lib_a-atexit.o)
 .comment       0x00000000       0x24 c:/altera/13.1/nios2eds/bin/gnu/h-i686-mingw32/bin/../lib/gcc/nios2-elf/4.7.3/../../../../../H-i686-mingw32/nios2-elf/lib/mno-hw-mul\libc.a(lib_a-exit.o)
 .comment       0x00000000       0x24 c:/altera/13.1/nios2eds/bin/gnu/h-i686-mingw32/bin/../lib/gcc/nios2-elf/4.7.3/../../../../../H-i686-mingw32/nios2-elf/lib/mno-hw-mul\libc.a(lib_a-memcmp.o)
 .comment       0x00000000       0x24 c:/altera/13.1/nios2eds/bin/gnu/h-i686-mingw32/bin/../lib/gcc/nios2-elf/4.7.3/../../../../../H-i686-mingw32/nios2-elf/lib/mno-hw-mul\libc.a(lib_a-__atexit.o)
 .comment       0x00000000       0x24 c:/altera/13.1/nios2eds/bin/gnu/h-i686-mingw32/bin/../lib/gcc/nios2-elf/4.7.3/../../../../../H-i686-mingw32/nios2-elf/lib/mno-hw-mul\libc.a(lib_a-__call_atexit.o)
 .comment       0x00000000       0x24 ../testing_bsp/\libhal_bsp.a(alt_exit.o)

.debug
 *(.debug)

.line
 *(.line)

.debug_srcinfo
 *(.debug_srcinfo)

.debug_sfnames
 *(.debug_sfnames)

.debug_aranges  0x00000000      0x930
 *(.debug_aranges)
 .debug_aranges
                0x00000000       0x28 ../testing_bsp//obj/HAL/src/crt0.o
 .debug_aranges
                0x00000028       0x20 obj/default/hello_world.o
 .debug_aranges
                0x00000048       0x20 c:/altera/13.1/nios2eds/bin/gnu/h-i686-mingw32/bin/../lib/gcc/nios2-elf/4.7.3/../../../../../H-i686-mingw32/nios2-elf/lib/mno-hw-mul\libc.a(lib_a-puts.o)
 .debug_aranges
                0x00000068       0x20 c:/altera/13.1/nios2eds/bin/gnu/h-i686-mingw32/bin/../lib/gcc/nios2-elf/4.7.3/../../../../../H-i686-mingw32/nios2-elf/lib/mno-hw-mul\libc.a(lib_a-strlen.o)
 .debug_aranges
                0x00000088       0x20 c:/altera/13.1/nios2eds/bin/gnu/h-i686-mingw32/bin/../lib/gcc/nios2-elf/4.7.3/../../../../../H-i686-mingw32/nios2-elf/lib/mno-hw-mul\libc.a(lib_a-fvwrite.o)
 .debug_aranges
                0x000000a8       0x18 c:/altera/13.1/nios2eds/bin/gnu/h-i686-mingw32/bin/../lib/gcc/nios2-elf/4.7.3/../../../../../H-i686-mingw32/nios2-elf/lib/mno-hw-mul\libc.a(lib_a-impure.o)
 .debug_aranges
                0x000000c0       0x20 c:/altera/13.1/nios2eds/bin/gnu/h-i686-mingw32/bin/../lib/gcc/nios2-elf/4.7.3/../../../../../H-i686-mingw32/nios2-elf/lib/mno-hw-mul\libc.a(lib_a-mallocr.o)
 .debug_aranges
                0x000000e0       0x20 c:/altera/13.1/nios2eds/bin/gnu/h-i686-mingw32/bin/../lib/gcc/nios2-elf/4.7.3/../../../../../H-i686-mingw32/nios2-elf/lib/mno-hw-mul\libc.a(lib_a-memchr.o)
 .debug_aranges
                0x00000100       0x20 c:/altera/13.1/nios2eds/bin/gnu/h-i686-mingw32/bin/../lib/gcc/nios2-elf/4.7.3/../../../../../H-i686-mingw32/nios2-elf/lib/mno-hw-mul\libc.a(lib_a-memcpy.o)
 .debug_aranges
                0x00000120       0x20 c:/altera/13.1/nios2eds/bin/gnu/h-i686-mingw32/bin/../lib/gcc/nios2-elf/4.7.3/../../../../../H-i686-mingw32/nios2-elf/lib/mno-hw-mul\libc.a(lib_a-memmove.o)
 .debug_aranges
                0x00000140       0x20 c:/altera/13.1/nios2eds/bin/gnu/h-i686-mingw32/bin/../lib/gcc/nios2-elf/4.7.3/../../../../../H-i686-mingw32/nios2-elf/lib/mno-hw-mul\libc.a(lib_a-reallocr.o)
 .debug_aranges
                0x00000160       0x20 c:/altera/13.1/nios2eds/bin/gnu/h-i686-mingw32/bin/../lib/gcc/nios2-elf/4.7.3/../../../../../H-i686-mingw32/nios2-elf/lib/mno-hw-mul\libc.a(lib_a-sbrkr.o)
 .debug_aranges
                0x00000180       0x20 c:/altera/13.1/nios2eds/bin/gnu/h-i686-mingw32/bin/../lib/gcc/nios2-elf/4.7.3/../../../../../H-i686-mingw32/nios2-elf/lib/mno-hw-mul\libc.a(lib_a-wsetup.o)
 .debug_aranges
                0x000001a0       0x20 c:/altera/13.1/nios2eds/bin/gnu/h-i686-mingw32/bin/../lib/gcc/nios2-elf/4.7.3/../../../../../H-i686-mingw32/nios2-elf/lib/mno-hw-mul\libc.a(lib_a-fflush.o)
 .debug_aranges
                0x000001c0       0x20 c:/altera/13.1/nios2eds/bin/gnu/h-i686-mingw32/bin/../lib/gcc/nios2-elf/4.7.3/../../../../../H-i686-mingw32/nios2-elf/lib/mno-hw-mul\libc.a(lib_a-findfp.o)
 .debug_aranges
                0x000001e0       0x20 c:/altera/13.1/nios2eds/bin/gnu/h-i686-mingw32/bin/../lib/gcc/nios2-elf/4.7.3/../../../../../H-i686-mingw32/nios2-elf/lib/mno-hw-mul\libc.a(lib_a-freer.o)
 .debug_aranges
                0x00000200       0x20 c:/altera/13.1/nios2eds/bin/gnu/h-i686-mingw32/bin/../lib/gcc/nios2-elf/4.7.3/../../../../../H-i686-mingw32/nios2-elf/lib/mno-hw-mul\libc.a(lib_a-fwalk.o)
 .debug_aranges
                0x00000220       0x18 c:/altera/13.1/nios2eds/bin/gnu/h-i686-mingw32/bin/../lib/gcc/nios2-elf/4.7.3/../../../../../H-i686-mingw32/nios2-elf/lib/mno-hw-mul\libc.a(lib_a-int_errno.o)
 .debug_aranges
                0x00000238       0x20 c:/altera/13.1/nios2eds/bin/gnu/h-i686-mingw32/bin/../lib/gcc/nios2-elf/4.7.3/../../../../../H-i686-mingw32/nios2-elf/lib/mno-hw-mul\libc.a(lib_a-makebuf.o)
 .debug_aranges
                0x00000258       0x20 c:/altera/13.1/nios2eds/bin/gnu/h-i686-mingw32/bin/../lib/gcc/nios2-elf/4.7.3/../../../../../H-i686-mingw32/nios2-elf/lib/mno-hw-mul\libc.a(lib_a-memset.o)
 .debug_aranges
                0x00000278       0x20 c:/altera/13.1/nios2eds/bin/gnu/h-i686-mingw32/bin/../lib/gcc/nios2-elf/4.7.3/../../../../../H-i686-mingw32/nios2-elf/lib/mno-hw-mul\libc.a(lib_a-stdio.o)
 .debug_aranges
                0x00000298       0x20 c:/altera/13.1/nios2eds/bin/gnu/h-i686-mingw32/bin/../lib/gcc/nios2-elf/4.7.3/../../../../../H-i686-mingw32/nios2-elf/lib/mno-hw-mul\libc.a(lib_a-writer.o)
 .debug_aranges
                0x000002b8       0x20 c:/altera/13.1/nios2eds/bin/gnu/h-i686-mingw32/bin/../lib/gcc/nios2-elf/4.7.3/../../../../../H-i686-mingw32/nios2-elf/lib/mno-hw-mul\libc.a(lib_a-closer.o)
 .debug_aranges
                0x000002d8       0x20 c:/altera/13.1/nios2eds/bin/gnu/h-i686-mingw32/bin/../lib/gcc/nios2-elf/4.7.3/../../../../../H-i686-mingw32/nios2-elf/lib/mno-hw-mul\libc.a(lib_a-fclose.o)
 .debug_aranges
                0x000002f8       0x20 c:/altera/13.1/nios2eds/bin/gnu/h-i686-mingw32/bin/../lib/gcc/nios2-elf/4.7.3/../../../../../H-i686-mingw32/nios2-elf/lib/mno-hw-mul\libc.a(lib_a-fstatr.o)
 .debug_aranges
                0x00000318       0x20 c:/altera/13.1/nios2eds/bin/gnu/h-i686-mingw32/bin/../lib/gcc/nios2-elf/4.7.3/../../../../../H-i686-mingw32/nios2-elf/lib/mno-hw-mul\libc.a(lib_a-isattyr.o)
 .debug_aranges
                0x00000338       0x20 c:/altera/13.1/nios2eds/bin/gnu/h-i686-mingw32/bin/../lib/gcc/nios2-elf/4.7.3/../../../../../H-i686-mingw32/nios2-elf/lib/mno-hw-mul\libc.a(lib_a-lseekr.o)
 .debug_aranges
                0x00000358       0x20 c:/altera/13.1/nios2eds/bin/gnu/h-i686-mingw32/bin/../lib/gcc/nios2-elf/4.7.3/../../../../../H-i686-mingw32/nios2-elf/lib/mno-hw-mul\libc.a(lib_a-readr.o)
 .debug_aranges
                0x00000378       0x20 c:/altera/13.1/nios2eds/bin/gnu/h-i686-mingw32/bin/../lib/gcc/nios2-elf/4.7.3/mno-hw-mul\libgcc.a(lib2-mul.o)
 .debug_aranges
                0x00000398       0x20 ../testing_bsp/\libhal_bsp.a(alt_close.o)
 .debug_aranges
                0x000003b8       0x20 ../testing_bsp/\libhal_bsp.a(alt_dev.o)
 .debug_aranges
                0x000003d8       0x18 ../testing_bsp/\libhal_bsp.a(alt_errno.o)
 .debug_aranges
                0x000003f0       0x20 ../testing_bsp/\libhal_bsp.a(alt_fstat.o)
 .debug_aranges
                0x00000410       0x20 ../testing_bsp/\libhal_bsp.a(alt_iic.o)
 .debug_aranges
                0x00000430       0x20 ../testing_bsp/\libhal_bsp.a(alt_iic_isr_register.o)
 .debug_aranges
                0x00000450       0x30 ../testing_bsp/\libhal_bsp.a(alt_irq_entry.o)
 .debug_aranges
                0x00000480       0x20 ../testing_bsp/\libhal_bsp.a(alt_irq_handler.o)
 .debug_aranges
                0x000004a0       0x18 ../testing_bsp/\libhal_bsp.a(alt_irq_vars.o)
 .debug_aranges
                0x000004b8       0x20 ../testing_bsp/\libhal_bsp.a(alt_isatty.o)
 .debug_aranges
                0x000004d8       0x20 ../testing_bsp/\libhal_bsp.a(alt_load.o)
 .debug_aranges
                0x000004f8       0x20 ../testing_bsp/\libhal_bsp.a(alt_lseek.o)
 .debug_aranges
                0x00000518       0x20 ../testing_bsp/\libhal_bsp.a(alt_main.o)
 .debug_aranges
                0x00000538       0x20 ../testing_bsp/\libhal_bsp.a(alt_malloc_lock.o)
 .debug_aranges
                0x00000558       0x20 ../testing_bsp/\libhal_bsp.a(alt_read.o)
 .debug_aranges
                0x00000578       0x20 ../testing_bsp/\libhal_bsp.a(alt_release_fd.o)
 .debug_aranges
                0x00000598       0x20 ../testing_bsp/\libhal_bsp.a(alt_sbrk.o)
 .debug_aranges
                0x000005b8       0x20 ../testing_bsp/\libhal_bsp.a(alt_write.o)
 .debug_aranges
                0x000005d8       0x20 ../testing_bsp/\libhal_bsp.a(alt_sys_init.o)
 .debug_aranges
                0x000005f8       0x20 ../testing_bsp/\libhal_bsp.a(altera_avalon_jtag_uart_fd.o)
 .debug_aranges
                0x00000618       0x20 ../testing_bsp/\libhal_bsp.a(altera_avalon_jtag_uart_init.o)
 .debug_aranges
                0x00000638       0x20 ../testing_bsp/\libhal_bsp.a(altera_avalon_jtag_uart_ioctl.o)
 .debug_aranges
                0x00000658       0x20 ../testing_bsp/\libhal_bsp.a(altera_avalon_jtag_uart_read.o)
 .debug_aranges
                0x00000678       0x20 ../testing_bsp/\libhal_bsp.a(altera_avalon_jtag_uart_write.o)
 .debug_aranges
                0x00000698       0x20 ../testing_bsp/\libhal_bsp.a(alt_alarm_start.o)
 .debug_aranges
                0x000006b8       0x20 ../testing_bsp/\libhal_bsp.a(alt_dcache_flush_all.o)
 .debug_aranges
                0x000006d8       0x20 ../testing_bsp/\libhal_bsp.a(alt_dev_llist_insert.o)
 .debug_aranges
                0x000006f8       0x20 ../testing_bsp/\libhal_bsp.a(alt_do_ctors.o)
 .debug_aranges
                0x00000718       0x20 ../testing_bsp/\libhal_bsp.a(alt_do_dtors.o)
 .debug_aranges
                0x00000738       0x38 ../testing_bsp/\libhal_bsp.a(alt_exception_entry.o)
 .debug_aranges
                0x00000770       0x20 ../testing_bsp/\libhal_bsp.a(alt_icache_flush_all.o)
 .debug_aranges
                0x00000790       0x20 ../testing_bsp/\libhal_bsp.a(alt_io_redirect.o)
 .debug_aranges
                0x000007b0       0x20 ../testing_bsp/\libhal_bsp.a(alt_open.o)
 .debug_aranges
                0x000007d0       0x20 ../testing_bsp/\libhal_bsp.a(alt_tick.o)
 .debug_aranges
                0x000007f0       0x20 ../testing_bsp/\libhal_bsp.a(altera_nios2_qsys_irq.o)
 .debug_aranges
                0x00000810       0x20 ../testing_bsp/\libhal_bsp.a(alt_find_dev.o)
 .debug_aranges
                0x00000830       0x20 ../testing_bsp/\libhal_bsp.a(alt_find_file.o)
 .debug_aranges
                0x00000850       0x20 ../testing_bsp/\libhal_bsp.a(alt_get_fd.o)
 .debug_aranges
                0x00000870       0x20 c:/altera/13.1/nios2eds/bin/gnu/h-i686-mingw32/bin/../lib/gcc/nios2-elf/4.7.3/../../../../../H-i686-mingw32/nios2-elf/lib/mno-hw-mul\libc.a(lib_a-atexit.o)
 .debug_aranges
                0x00000890       0x20 c:/altera/13.1/nios2eds/bin/gnu/h-i686-mingw32/bin/../lib/gcc/nios2-elf/4.7.3/../../../../../H-i686-mingw32/nios2-elf/lib/mno-hw-mul\libc.a(lib_a-exit.o)
 .debug_aranges
                0x000008b0       0x20 c:/altera/13.1/nios2eds/bin/gnu/h-i686-mingw32/bin/../lib/gcc/nios2-elf/4.7.3/../../../../../H-i686-mingw32/nios2-elf/lib/mno-hw-mul\libc.a(lib_a-memcmp.o)
 .debug_aranges
                0x000008d0       0x20 c:/altera/13.1/nios2eds/bin/gnu/h-i686-mingw32/bin/../lib/gcc/nios2-elf/4.7.3/../../../../../H-i686-mingw32/nios2-elf/lib/mno-hw-mul\libc.a(lib_a-__atexit.o)
 .debug_aranges
                0x000008f0       0x20 c:/altera/13.1/nios2eds/bin/gnu/h-i686-mingw32/bin/../lib/gcc/nios2-elf/4.7.3/../../../../../H-i686-mingw32/nios2-elf/lib/mno-hw-mul\libc.a(lib_a-__call_atexit.o)
 .debug_aranges
                0x00000910       0x20 ../testing_bsp/\libhal_bsp.a(alt_exit.o)

.debug_pubnames
 *(.debug_pubnames)

.debug_info     0x00000000    0x17596
 *(.debug_info .gnu.linkonce.wi.*)
 .debug_info    0x00000000       0x5f ../testing_bsp//obj/HAL/src/crt0.o
 .debug_info    0x0000005f      0x12b obj/default/hello_world.o
 .debug_info    0x0000018a      0xab7 c:/altera/13.1/nios2eds/bin/gnu/h-i686-mingw32/bin/../lib/gcc/nios2-elf/4.7.3/../../../../../H-i686-mingw32/nios2-elf/lib/mno-hw-mul\libc.a(lib_a-puts.o)
 .debug_info    0x00000c41       0xdf c:/altera/13.1/nios2eds/bin/gnu/h-i686-mingw32/bin/../lib/gcc/nios2-elf/4.7.3/../../../../../H-i686-mingw32/nios2-elf/lib/mno-hw-mul\libc.a(lib_a-strlen.o)
 .debug_info    0x00000d20      0xd05 c:/altera/13.1/nios2eds/bin/gnu/h-i686-mingw32/bin/../lib/gcc/nios2-elf/4.7.3/../../../../../H-i686-mingw32/nios2-elf/lib/mno-hw-mul\libc.a(lib_a-fvwrite.o)
 .debug_info    0x00001a25      0x938 c:/altera/13.1/nios2eds/bin/gnu/h-i686-mingw32/bin/../lib/gcc/nios2-elf/4.7.3/../../../../../H-i686-mingw32/nios2-elf/lib/mno-hw-mul\libc.a(lib_a-impure.o)
 .debug_info    0x0000235d      0xe44 c:/altera/13.1/nios2eds/bin/gnu/h-i686-mingw32/bin/../lib/gcc/nios2-elf/4.7.3/../../../../../H-i686-mingw32/nios2-elf/lib/mno-hw-mul\libc.a(lib_a-mallocr.o)
 .debug_info    0x000031a1      0x13e c:/altera/13.1/nios2eds/bin/gnu/h-i686-mingw32/bin/../lib/gcc/nios2-elf/4.7.3/../../../../../H-i686-mingw32/nios2-elf/lib/mno-hw-mul\libc.a(lib_a-memchr.o)
 .debug_info    0x000032df      0x10f c:/altera/13.1/nios2eds/bin/gnu/h-i686-mingw32/bin/../lib/gcc/nios2-elf/4.7.3/../../../../../H-i686-mingw32/nios2-elf/lib/mno-hw-mul\libc.a(lib_a-memcpy.o)
 .debug_info    0x000033ee      0x147 c:/altera/13.1/nios2eds/bin/gnu/h-i686-mingw32/bin/../lib/gcc/nios2-elf/4.7.3/../../../../../H-i686-mingw32/nios2-elf/lib/mno-hw-mul\libc.a(lib_a-memmove.o)
 .debug_info    0x00003535      0xd8e c:/altera/13.1/nios2eds/bin/gnu/h-i686-mingw32/bin/../lib/gcc/nios2-elf/4.7.3/../../../../../H-i686-mingw32/nios2-elf/lib/mno-hw-mul\libc.a(lib_a-reallocr.o)
 .debug_info    0x000042c3      0x9a3 c:/altera/13.1/nios2eds/bin/gnu/h-i686-mingw32/bin/../lib/gcc/nios2-elf/4.7.3/../../../../../H-i686-mingw32/nios2-elf/lib/mno-hw-mul\libc.a(lib_a-sbrkr.o)
 .debug_info    0x00004c66      0x9d4 c:/altera/13.1/nios2eds/bin/gnu/h-i686-mingw32/bin/../lib/gcc/nios2-elf/4.7.3/../../../../../H-i686-mingw32/nios2-elf/lib/mno-hw-mul\libc.a(lib_a-wsetup.o)
 .debug_info    0x0000563a      0xad0 c:/altera/13.1/nios2eds/bin/gnu/h-i686-mingw32/bin/../lib/gcc/nios2-elf/4.7.3/../../../../../H-i686-mingw32/nios2-elf/lib/mno-hw-mul\libc.a(lib_a-fflush.o)
 .debug_info    0x0000610a      0xd6e c:/altera/13.1/nios2eds/bin/gnu/h-i686-mingw32/bin/../lib/gcc/nios2-elf/4.7.3/../../../../../H-i686-mingw32/nios2-elf/lib/mno-hw-mul\libc.a(lib_a-findfp.o)
 .debug_info    0x00006e78      0xcf9 c:/altera/13.1/nios2eds/bin/gnu/h-i686-mingw32/bin/../lib/gcc/nios2-elf/4.7.3/../../../../../H-i686-mingw32/nios2-elf/lib/mno-hw-mul\libc.a(lib_a-freer.o)
 .debug_info    0x00007b71      0xb72 c:/altera/13.1/nios2eds/bin/gnu/h-i686-mingw32/bin/../lib/gcc/nios2-elf/4.7.3/../../../../../H-i686-mingw32/nios2-elf/lib/mno-hw-mul\libc.a(lib_a-fwalk.o)
 .debug_info    0x000086e3       0x84 c:/altera/13.1/nios2eds/bin/gnu/h-i686-mingw32/bin/../lib/gcc/nios2-elf/4.7.3/../../../../../H-i686-mingw32/nios2-elf/lib/mno-hw-mul\libc.a(lib_a-int_errno.o)
 .debug_info    0x00008767      0xbc2 c:/altera/13.1/nios2eds/bin/gnu/h-i686-mingw32/bin/../lib/gcc/nios2-elf/4.7.3/../../../../../H-i686-mingw32/nios2-elf/lib/mno-hw-mul\libc.a(lib_a-makebuf.o)
 .debug_info    0x00009329      0x117 c:/altera/13.1/nios2eds/bin/gnu/h-i686-mingw32/bin/../lib/gcc/nios2-elf/4.7.3/../../../../../H-i686-mingw32/nios2-elf/lib/mno-hw-mul\libc.a(lib_a-memset.o)
 .debug_info    0x00009440      0xbfd c:/altera/13.1/nios2eds/bin/gnu/h-i686-mingw32/bin/../lib/gcc/nios2-elf/4.7.3/../../../../../H-i686-mingw32/nios2-elf/lib/mno-hw-mul\libc.a(lib_a-stdio.o)
 .debug_info    0x0000a03d      0x9d2 c:/altera/13.1/nios2eds/bin/gnu/h-i686-mingw32/bin/../lib/gcc/nios2-elf/4.7.3/../../../../../H-i686-mingw32/nios2-elf/lib/mno-hw-mul\libc.a(lib_a-writer.o)
 .debug_info    0x0000aa0f      0x97f c:/altera/13.1/nios2eds/bin/gnu/h-i686-mingw32/bin/../lib/gcc/nios2-elf/4.7.3/../../../../../H-i686-mingw32/nios2-elf/lib/mno-hw-mul\libc.a(lib_a-closer.o)
 .debug_info    0x0000b38e      0xa97 c:/altera/13.1/nios2eds/bin/gnu/h-i686-mingw32/bin/../lib/gcc/nios2-elf/4.7.3/../../../../../H-i686-mingw32/nios2-elf/lib/mno-hw-mul\libc.a(lib_a-fclose.o)
 .debug_info    0x0000be25      0xb2f c:/altera/13.1/nios2eds/bin/gnu/h-i686-mingw32/bin/../lib/gcc/nios2-elf/4.7.3/../../../../../H-i686-mingw32/nios2-elf/lib/mno-hw-mul\libc.a(lib_a-fstatr.o)
 .debug_info    0x0000c954      0x97f c:/altera/13.1/nios2eds/bin/gnu/h-i686-mingw32/bin/../lib/gcc/nios2-elf/4.7.3/../../../../../H-i686-mingw32/nios2-elf/lib/mno-hw-mul\libc.a(lib_a-isattyr.o)
 .debug_info    0x0000d2d3      0x9cb c:/altera/13.1/nios2eds/bin/gnu/h-i686-mingw32/bin/../lib/gcc/nios2-elf/4.7.3/../../../../../H-i686-mingw32/nios2-elf/lib/mno-hw-mul\libc.a(lib_a-lseekr.o)
 .debug_info    0x0000dc9e      0x9cb c:/altera/13.1/nios2eds/bin/gnu/h-i686-mingw32/bin/../lib/gcc/nios2-elf/4.7.3/../../../../../H-i686-mingw32/nios2-elf/lib/mno-hw-mul\libc.a(lib_a-readr.o)
 .debug_info    0x0000e669       0xb8 c:/altera/13.1/nios2eds/bin/gnu/h-i686-mingw32/bin/../lib/gcc/nios2-elf/4.7.3/mno-hw-mul\libgcc.a(lib2-mul.o)
 .debug_info    0x0000e721      0x350 ../testing_bsp/\libhal_bsp.a(alt_close.o)
 .debug_info    0x0000ea71      0x4e3 ../testing_bsp/\libhal_bsp.a(alt_dev.o)
 .debug_info    0x0000ef54       0xa3 ../testing_bsp/\libhal_bsp.a(alt_errno.o)
 .debug_info    0x0000eff7      0x4d8 ../testing_bsp/\libhal_bsp.a(alt_fstat.o)
 .debug_info    0x0000f4cf      0x364 ../testing_bsp/\libhal_bsp.a(alt_iic.o)
 .debug_info    0x0000f833      0x1f6 ../testing_bsp/\libhal_bsp.a(alt_iic_isr_register.o)
 .debug_info    0x0000fa29       0x68 ../testing_bsp/\libhal_bsp.a(alt_irq_entry.o)
 .debug_info    0x0000fa91      0x190 ../testing_bsp/\libhal_bsp.a(alt_irq_handler.o)
 .debug_info    0x0000fc21       0x8a ../testing_bsp/\libhal_bsp.a(alt_irq_vars.o)
 .debug_info    0x0000fcab      0x4db ../testing_bsp/\libhal_bsp.a(alt_isatty.o)
 .debug_info    0x00010186      0x135 ../testing_bsp/\libhal_bsp.a(alt_load.o)
 .debug_info    0x000102bb      0x381 ../testing_bsp/\libhal_bsp.a(alt_lseek.o)
 .debug_info    0x0001063c      0x139 ../testing_bsp/\libhal_bsp.a(alt_main.o)
 .debug_info    0x00010775      0x950 ../testing_bsp/\libhal_bsp.a(alt_malloc_lock.o)
 .debug_info    0x000110c5      0x500 ../testing_bsp/\libhal_bsp.a(alt_read.o)
 .debug_info    0x000115c5      0x2dd ../testing_bsp/\libhal_bsp.a(alt_release_fd.o)
 .debug_info    0x000118a2      0x1b2 ../testing_bsp/\libhal_bsp.a(alt_sbrk.o)
 .debug_info    0x00011a54      0x507 ../testing_bsp/\libhal_bsp.a(alt_write.o)
 .debug_info    0x00011f5b      0x51f ../testing_bsp/\libhal_bsp.a(alt_sys_init.o)
 .debug_info    0x0001247a      0x58a ../testing_bsp/\libhal_bsp.a(altera_avalon_jtag_uart_fd.o)
 .debug_info    0x00012a04      0x3d8 ../testing_bsp/\libhal_bsp.a(altera_avalon_jtag_uart_init.o)
 .debug_info    0x00012ddc      0x2a9 ../testing_bsp/\libhal_bsp.a(altera_avalon_jtag_uart_ioctl.o)
 .debug_info    0x00013085      0x371 ../testing_bsp/\libhal_bsp.a(altera_avalon_jtag_uart_read.o)
 .debug_info    0x000133f6      0x36c ../testing_bsp/\libhal_bsp.a(altera_avalon_jtag_uart_write.o)
 .debug_info    0x00013762      0x2e4 ../testing_bsp/\libhal_bsp.a(alt_alarm_start.o)
 .debug_info    0x00013a46       0x90 ../testing_bsp/\libhal_bsp.a(alt_dcache_flush_all.o)
 .debug_info    0x00013ad6      0x1b9 ../testing_bsp/\libhal_bsp.a(alt_dev_llist_insert.o)
 .debug_info    0x00013c8f       0x8d ../testing_bsp/\libhal_bsp.a(alt_do_ctors.o)
 .debug_info    0x00013d1c       0x8d ../testing_bsp/\libhal_bsp.a(alt_do_dtors.o)
 .debug_info    0x00013da9       0x6e ../testing_bsp/\libhal_bsp.a(alt_exception_entry.o)
 .debug_info    0x00013e17       0x90 ../testing_bsp/\libhal_bsp.a(alt_icache_flush_all.o)
 .debug_info    0x00013ea7      0x4f0 ../testing_bsp/\libhal_bsp.a(alt_io_redirect.o)
 .debug_info    0x00014397      0x3f0 ../testing_bsp/\libhal_bsp.a(alt_open.o)
 .debug_info    0x00014787      0x2b1 ../testing_bsp/\libhal_bsp.a(alt_tick.o)
 .debug_info    0x00014a38       0x90 ../testing_bsp/\libhal_bsp.a(altera_nios2_qsys_irq.o)
 .debug_info    0x00014ac8      0x30d ../testing_bsp/\libhal_bsp.a(alt_find_dev.o)
 .debug_info    0x00014dd5      0x30c ../testing_bsp/\libhal_bsp.a(alt_find_file.o)
 .debug_info    0x000150e1      0x339 ../testing_bsp/\libhal_bsp.a(alt_get_fd.o)
 .debug_info    0x0001541a      0x1e6 c:/altera/13.1/nios2eds/bin/gnu/h-i686-mingw32/bin/../lib/gcc/nios2-elf/4.7.3/../../../../../H-i686-mingw32/nios2-elf/lib/mno-hw-mul\libc.a(lib_a-atexit.o)
 .debug_info    0x00015600      0x993 c:/altera/13.1/nios2eds/bin/gnu/h-i686-mingw32/bin/../lib/gcc/nios2-elf/4.7.3/../../../../../H-i686-mingw32/nios2-elf/lib/mno-hw-mul\libc.a(lib_a-exit.o)
 .debug_info    0x00015f93      0x117 c:/altera/13.1/nios2eds/bin/gnu/h-i686-mingw32/bin/../lib/gcc/nios2-elf/4.7.3/../../../../../H-i686-mingw32/nios2-elf/lib/mno-hw-mul\libc.a(lib_a-memcmp.o)
 .debug_info    0x000160aa      0x9f9 c:/altera/13.1/nios2eds/bin/gnu/h-i686-mingw32/bin/../lib/gcc/nios2-elf/4.7.3/../../../../../H-i686-mingw32/nios2-elf/lib/mno-hw-mul\libc.a(lib_a-__atexit.o)
 .debug_info    0x00016aa3      0xa07 c:/altera/13.1/nios2eds/bin/gnu/h-i686-mingw32/bin/../lib/gcc/nios2-elf/4.7.3/../../../../../H-i686-mingw32/nios2-elf/lib/mno-hw-mul\libc.a(lib_a-__call_atexit.o)
 .debug_info    0x000174aa       0xec ../testing_bsp/\libhal_bsp.a(alt_exit.o)

.debug_abbrev   0x00000000     0x5a15
 *(.debug_abbrev)
 .debug_abbrev  0x00000000       0x12 ../testing_bsp//obj/HAL/src/crt0.o
 .debug_abbrev  0x00000012       0xd4 obj/default/hello_world.o
 .debug_abbrev  0x000000e6      0x208 c:/altera/13.1/nios2eds/bin/gnu/h-i686-mingw32/bin/../lib/gcc/nios2-elf/4.7.3/../../../../../H-i686-mingw32/nios2-elf/lib/mno-hw-mul\libc.a(lib_a-puts.o)
 .debug_abbrev  0x000002ee       0x90 c:/altera/13.1/nios2eds/bin/gnu/h-i686-mingw32/bin/../lib/gcc/nios2-elf/4.7.3/../../../../../H-i686-mingw32/nios2-elf/lib/mno-hw-mul\libc.a(lib_a-strlen.o)
 .debug_abbrev  0x0000037e      0x234 c:/altera/13.1/nios2eds/bin/gnu/h-i686-mingw32/bin/../lib/gcc/nios2-elf/4.7.3/../../../../../H-i686-mingw32/nios2-elf/lib/mno-hw-mul\libc.a(lib_a-fvwrite.o)
 .debug_abbrev  0x000005b2      0x162 c:/altera/13.1/nios2eds/bin/gnu/h-i686-mingw32/bin/../lib/gcc/nios2-elf/4.7.3/../../../../../H-i686-mingw32/nios2-elf/lib/mno-hw-mul\libc.a(lib_a-impure.o)
 .debug_abbrev  0x00000714      0x284 c:/altera/13.1/nios2eds/bin/gnu/h-i686-mingw32/bin/../lib/gcc/nios2-elf/4.7.3/../../../../../H-i686-mingw32/nios2-elf/lib/mno-hw-mul\libc.a(lib_a-mallocr.o)
 .debug_abbrev  0x00000998       0xab c:/altera/13.1/nios2eds/bin/gnu/h-i686-mingw32/bin/../lib/gcc/nios2-elf/4.7.3/../../../../../H-i686-mingw32/nios2-elf/lib/mno-hw-mul\libc.a(lib_a-memchr.o)
 .debug_abbrev  0x00000a43       0x9c c:/altera/13.1/nios2eds/bin/gnu/h-i686-mingw32/bin/../lib/gcc/nios2-elf/4.7.3/../../../../../H-i686-mingw32/nios2-elf/lib/mno-hw-mul\libc.a(lib_a-memcpy.o)
 .debug_abbrev  0x00000adf       0x9c c:/altera/13.1/nios2eds/bin/gnu/h-i686-mingw32/bin/../lib/gcc/nios2-elf/4.7.3/../../../../../H-i686-mingw32/nios2-elf/lib/mno-hw-mul\libc.a(lib_a-memmove.o)
 .debug_abbrev  0x00000b7b      0x242 c:/altera/13.1/nios2eds/bin/gnu/h-i686-mingw32/bin/../lib/gcc/nios2-elf/4.7.3/../../../../../H-i686-mingw32/nios2-elf/lib/mno-hw-mul\libc.a(lib_a-reallocr.o)
 .debug_abbrev  0x00000dbd      0x1df c:/altera/13.1/nios2eds/bin/gnu/h-i686-mingw32/bin/../lib/gcc/nios2-elf/4.7.3/../../../../../H-i686-mingw32/nios2-elf/lib/mno-hw-mul\libc.a(lib_a-sbrkr.o)
 .debug_abbrev  0x00000f9c      0x1d5 c:/altera/13.1/nios2eds/bin/gnu/h-i686-mingw32/bin/../lib/gcc/nios2-elf/4.7.3/../../../../../H-i686-mingw32/nios2-elf/lib/mno-hw-mul\libc.a(lib_a-wsetup.o)
 .debug_abbrev  0x00001171      0x259 c:/altera/13.1/nios2eds/bin/gnu/h-i686-mingw32/bin/../lib/gcc/nios2-elf/4.7.3/../../../../../H-i686-mingw32/nios2-elf/lib/mno-hw-mul\libc.a(lib_a-fflush.o)
 .debug_abbrev  0x000013ca      0x333 c:/altera/13.1/nios2eds/bin/gnu/h-i686-mingw32/bin/../lib/gcc/nios2-elf/4.7.3/../../../../../H-i686-mingw32/nios2-elf/lib/mno-hw-mul\libc.a(lib_a-findfp.o)
 .debug_abbrev  0x000016fd      0x25d c:/altera/13.1/nios2eds/bin/gnu/h-i686-mingw32/bin/../lib/gcc/nios2-elf/4.7.3/../../../../../H-i686-mingw32/nios2-elf/lib/mno-hw-mul\libc.a(lib_a-freer.o)
 .debug_abbrev  0x0000195a      0x224 c:/altera/13.1/nios2eds/bin/gnu/h-i686-mingw32/bin/../lib/gcc/nios2-elf/4.7.3/../../../../../H-i686-mingw32/nios2-elf/lib/mno-hw-mul\libc.a(lib_a-fwalk.o)
 .debug_abbrev  0x00001b7e       0x37 c:/altera/13.1/nios2eds/bin/gnu/h-i686-mingw32/bin/../lib/gcc/nios2-elf/4.7.3/../../../../../H-i686-mingw32/nios2-elf/lib/mno-hw-mul\libc.a(lib_a-int_errno.o)
 .debug_abbrev  0x00001bb5      0x1e8 c:/altera/13.1/nios2eds/bin/gnu/h-i686-mingw32/bin/../lib/gcc/nios2-elf/4.7.3/../../../../../H-i686-mingw32/nios2-elf/lib/mno-hw-mul\libc.a(lib_a-makebuf.o)
 .debug_abbrev  0x00001d9d       0xac c:/altera/13.1/nios2eds/bin/gnu/h-i686-mingw32/bin/../lib/gcc/nios2-elf/4.7.3/../../../../../H-i686-mingw32/nios2-elf/lib/mno-hw-mul\libc.a(lib_a-memset.o)
 .debug_abbrev  0x00001e49      0x226 c:/altera/13.1/nios2eds/bin/gnu/h-i686-mingw32/bin/../lib/gcc/nios2-elf/4.7.3/../../../../../H-i686-mingw32/nios2-elf/lib/mno-hw-mul\libc.a(lib_a-stdio.o)
 .debug_abbrev  0x0000206f      0x1c0 c:/altera/13.1/nios2eds/bin/gnu/h-i686-mingw32/bin/../lib/gcc/nios2-elf/4.7.3/../../../../../H-i686-mingw32/nios2-elf/lib/mno-hw-mul\libc.a(lib_a-writer.o)
 .debug_abbrev  0x0000222f      0x1bb c:/altera/13.1/nios2eds/bin/gnu/h-i686-mingw32/bin/../lib/gcc/nios2-elf/4.7.3/../../../../../H-i686-mingw32/nios2-elf/lib/mno-hw-mul\libc.a(lib_a-closer.o)
 .debug_abbrev  0x000023ea      0x24e c:/altera/13.1/nios2eds/bin/gnu/h-i686-mingw32/bin/../lib/gcc/nios2-elf/4.7.3/../../../../../H-i686-mingw32/nios2-elf/lib/mno-hw-mul\libc.a(lib_a-fclose.o)
 .debug_abbrev  0x00002638      0x1ca c:/altera/13.1/nios2eds/bin/gnu/h-i686-mingw32/bin/../lib/gcc/nios2-elf/4.7.3/../../../../../H-i686-mingw32/nios2-elf/lib/mno-hw-mul\libc.a(lib_a-fstatr.o)
 .debug_abbrev  0x00002802      0x1bb c:/altera/13.1/nios2eds/bin/gnu/h-i686-mingw32/bin/../lib/gcc/nios2-elf/4.7.3/../../../../../H-i686-mingw32/nios2-elf/lib/mno-hw-mul\libc.a(lib_a-isattyr.o)
 .debug_abbrev  0x000029bd      0x1ca c:/altera/13.1/nios2eds/bin/gnu/h-i686-mingw32/bin/../lib/gcc/nios2-elf/4.7.3/../../../../../H-i686-mingw32/nios2-elf/lib/mno-hw-mul\libc.a(lib_a-lseekr.o)
 .debug_abbrev  0x00002b87      0x1bb c:/altera/13.1/nios2eds/bin/gnu/h-i686-mingw32/bin/../lib/gcc/nios2-elf/4.7.3/../../../../../H-i686-mingw32/nios2-elf/lib/mno-hw-mul\libc.a(lib_a-readr.o)
 .debug_abbrev  0x00002d42       0x6f c:/altera/13.1/nios2eds/bin/gnu/h-i686-mingw32/bin/../lib/gcc/nios2-elf/4.7.3/mno-hw-mul\libgcc.a(lib2-mul.o)
 .debug_abbrev  0x00002db1      0x11f ../testing_bsp/\libhal_bsp.a(alt_close.o)
 .debug_abbrev  0x00002ed0       0xd9 ../testing_bsp/\libhal_bsp.a(alt_dev.o)
 .debug_abbrev  0x00002fa9       0x5a ../testing_bsp/\libhal_bsp.a(alt_errno.o)
 .debug_abbrev  0x00003003      0x11f ../testing_bsp/\libhal_bsp.a(alt_fstat.o)
 .debug_abbrev  0x00003122      0x16a ../testing_bsp/\libhal_bsp.a(alt_iic.o)
 .debug_abbrev  0x0000328c      0x169 ../testing_bsp/\libhal_bsp.a(alt_iic_isr_register.o)
 .debug_abbrev  0x000033f5       0x12 ../testing_bsp/\libhal_bsp.a(alt_irq_entry.o)
 .debug_abbrev  0x00003407      0x124 ../testing_bsp/\libhal_bsp.a(alt_irq_handler.o)
 .debug_abbrev  0x0000352b       0x40 ../testing_bsp/\libhal_bsp.a(alt_irq_vars.o)
 .debug_abbrev  0x0000356b      0x11f ../testing_bsp/\libhal_bsp.a(alt_isatty.o)
 .debug_abbrev  0x0000368a       0x9d ../testing_bsp/\libhal_bsp.a(alt_load.o)
 .debug_abbrev  0x00003727      0x11f ../testing_bsp/\libhal_bsp.a(alt_lseek.o)
 .debug_abbrev  0x00003846       0xba ../testing_bsp/\libhal_bsp.a(alt_main.o)
 .debug_abbrev  0x00003900      0x187 ../testing_bsp/\libhal_bsp.a(alt_malloc_lock.o)
 .debug_abbrev  0x00003a87      0x12e ../testing_bsp/\libhal_bsp.a(alt_read.o)
 .debug_abbrev  0x00003bb5       0xde ../testing_bsp/\libhal_bsp.a(alt_release_fd.o)
 .debug_abbrev  0x00003c93      0x112 ../testing_bsp/\libhal_bsp.a(alt_sbrk.o)
 .debug_abbrev  0x00003da5      0x133 ../testing_bsp/\libhal_bsp.a(alt_write.o)
 .debug_abbrev  0x00003ed8      0x176 ../testing_bsp/\libhal_bsp.a(alt_sys_init.o)
 .debug_abbrev  0x0000404e      0x118 ../testing_bsp/\libhal_bsp.a(altera_avalon_jtag_uart_fd.o)
 .debug_abbrev  0x00004166      0x18f ../testing_bsp/\libhal_bsp.a(altera_avalon_jtag_uart_init.o)
 .debug_abbrev  0x000042f5      0x102 ../testing_bsp/\libhal_bsp.a(altera_avalon_jtag_uart_ioctl.o)
 .debug_abbrev  0x000043f7      0x19b ../testing_bsp/\libhal_bsp.a(altera_avalon_jtag_uart_read.o)
 .debug_abbrev  0x00004592      0x199 ../testing_bsp/\libhal_bsp.a(altera_avalon_jtag_uart_write.o)
 .debug_abbrev  0x0000472b      0x162 ../testing_bsp/\libhal_bsp.a(alt_alarm_start.o)
 .debug_abbrev  0x0000488d       0x42 ../testing_bsp/\libhal_bsp.a(alt_dcache_flush_all.o)
 .debug_abbrev  0x000048cf      0x114 ../testing_bsp/\libhal_bsp.a(alt_dev_llist_insert.o)
 .debug_abbrev  0x000049e3       0x79 ../testing_bsp/\libhal_bsp.a(alt_do_ctors.o)
 .debug_abbrev  0x00004a5c       0x79 ../testing_bsp/\libhal_bsp.a(alt_do_dtors.o)
 .debug_abbrev  0x00004ad5       0x12 ../testing_bsp/\libhal_bsp.a(alt_exception_entry.o)
 .debug_abbrev  0x00004ae7       0x42 ../testing_bsp/\libhal_bsp.a(alt_icache_flush_all.o)
 .debug_abbrev  0x00004b29      0x114 ../testing_bsp/\libhal_bsp.a(alt_io_redirect.o)
 .debug_abbrev  0x00004c3d      0x148 ../testing_bsp/\libhal_bsp.a(alt_open.o)
 .debug_abbrev  0x00004d85      0x15a ../testing_bsp/\libhal_bsp.a(alt_tick.o)
 .debug_abbrev  0x00004edf       0x42 ../testing_bsp/\libhal_bsp.a(altera_nios2_qsys_irq.o)
 .debug_abbrev  0x00004f21       0xf0 ../testing_bsp/\libhal_bsp.a(alt_find_dev.o)
 .debug_abbrev  0x00005011       0xf0 ../testing_bsp/\libhal_bsp.a(alt_find_file.o)
 .debug_abbrev  0x00005101      0x10d ../testing_bsp/\libhal_bsp.a(alt_get_fd.o)
 .debug_abbrev  0x0000520e      0x106 c:/altera/13.1/nios2eds/bin/gnu/h-i686-mingw32/bin/../lib/gcc/nios2-elf/4.7.3/../../../../../H-i686-mingw32/nios2-elf/lib/mno-hw-mul\libc.a(lib_a-atexit.o)
 .debug_abbrev  0x00005314      0x1c8 c:/altera/13.1/nios2eds/bin/gnu/h-i686-mingw32/bin/../lib/gcc/nios2-elf/4.7.3/../../../../../H-i686-mingw32/nios2-elf/lib/mno-hw-mul\libc.a(lib_a-exit.o)
 .debug_abbrev  0x000054dc       0x7f c:/altera/13.1/nios2eds/bin/gnu/h-i686-mingw32/bin/../lib/gcc/nios2-elf/4.7.3/../../../../../H-i686-mingw32/nios2-elf/lib/mno-hw-mul\libc.a(lib_a-memcmp.o)
 .debug_abbrev  0x0000555b      0x211 c:/altera/13.1/nios2eds/bin/gnu/h-i686-mingw32/bin/../lib/gcc/nios2-elf/4.7.3/../../../../../H-i686-mingw32/nios2-elf/lib/mno-hw-mul\libc.a(lib_a-__atexit.o)
 .debug_abbrev  0x0000576c      0x203 c:/altera/13.1/nios2eds/bin/gnu/h-i686-mingw32/bin/../lib/gcc/nios2-elf/4.7.3/../../../../../H-i686-mingw32/nios2-elf/lib/mno-hw-mul\libc.a(lib_a-__call_atexit.o)
 .debug_abbrev  0x0000596f       0xa6 ../testing_bsp/\libhal_bsp.a(alt_exit.o)

.debug_line     0x00000000     0x6b5e
 *(.debug_line)
 .debug_line    0x00000000       0x66 ../testing_bsp//obj/HAL/src/crt0.o
 .debug_line    0x00000066        0x0 obj/default/fileIO.o
 .debug_line    0x00000066       0x8b obj/default/hello_world.o
 .debug_line    0x000000f1      0x238 c:/altera/13.1/nios2eds/bin/gnu/h-i686-mingw32/bin/../lib/gcc/nios2-elf/4.7.3/../../../../../H-i686-mingw32/nios2-elf/lib/mno-hw-mul\libc.a(lib_a-puts.o)
 .debug_line    0x00000329      0x185 c:/altera/13.1/nios2eds/bin/gnu/h-i686-mingw32/bin/../lib/gcc/nios2-elf/4.7.3/../../../../../H-i686-mingw32/nios2-elf/lib/mno-hw-mul\libc.a(lib_a-strlen.o)
 .debug_line    0x000004ae      0x363 c:/altera/13.1/nios2eds/bin/gnu/h-i686-mingw32/bin/../lib/gcc/nios2-elf/4.7.3/../../../../../H-i686-mingw32/nios2-elf/lib/mno-hw-mul\libc.a(lib_a-fvwrite.o)
 .debug_line    0x00000811      0x176 c:/altera/13.1/nios2eds/bin/gnu/h-i686-mingw32/bin/../lib/gcc/nios2-elf/4.7.3/../../../../../H-i686-mingw32/nios2-elf/lib/mno-hw-mul\libc.a(lib_a-impure.o)
 .debug_line    0x00000987      0x424 c:/altera/13.1/nios2eds/bin/gnu/h-i686-mingw32/bin/../lib/gcc/nios2-elf/4.7.3/../../../../../H-i686-mingw32/nios2-elf/lib/mno-hw-mul\libc.a(lib_a-mallocr.o)
 .debug_line    0x00000dab      0x1f4 c:/altera/13.1/nios2eds/bin/gnu/h-i686-mingw32/bin/../lib/gcc/nios2-elf/4.7.3/../../../../../H-i686-mingw32/nios2-elf/lib/mno-hw-mul\libc.a(lib_a-memchr.o)
 .debug_line    0x00000f9f      0x144 c:/altera/13.1/nios2eds/bin/gnu/h-i686-mingw32/bin/../lib/gcc/nios2-elf/4.7.3/../../../../../H-i686-mingw32/nios2-elf/lib/mno-hw-mul\libc.a(lib_a-memcpy.o)
 .debug_line    0x000010e3      0x1f9 c:/altera/13.1/nios2eds/bin/gnu/h-i686-mingw32/bin/../lib/gcc/nios2-elf/4.7.3/../../../../../H-i686-mingw32/nios2-elf/lib/mno-hw-mul\libc.a(lib_a-memmove.o)
 .debug_line    0x000012dc      0x333 c:/altera/13.1/nios2eds/bin/gnu/h-i686-mingw32/bin/../lib/gcc/nios2-elf/4.7.3/../../../../../H-i686-mingw32/nios2-elf/lib/mno-hw-mul\libc.a(lib_a-reallocr.o)
 .debug_line    0x0000160f      0x215 c:/altera/13.1/nios2eds/bin/gnu/h-i686-mingw32/bin/../lib/gcc/nios2-elf/4.7.3/../../../../../H-i686-mingw32/nios2-elf/lib/mno-hw-mul\libc.a(lib_a-sbrkr.o)
 .debug_line    0x00001824      0x26e c:/altera/13.1/nios2eds/bin/gnu/h-i686-mingw32/bin/../lib/gcc/nios2-elf/4.7.3/../../../../../H-i686-mingw32/nios2-elf/lib/mno-hw-mul\libc.a(lib_a-wsetup.o)
 .debug_line    0x00001a92      0x29f c:/altera/13.1/nios2eds/bin/gnu/h-i686-mingw32/bin/../lib/gcc/nios2-elf/4.7.3/../../../../../H-i686-mingw32/nios2-elf/lib/mno-hw-mul\libc.a(lib_a-fflush.o)
 .debug_line    0x00001d31      0x2ea c:/altera/13.1/nios2eds/bin/gnu/h-i686-mingw32/bin/../lib/gcc/nios2-elf/4.7.3/../../../../../H-i686-mingw32/nios2-elf/lib/mno-hw-mul\libc.a(lib_a-findfp.o)
 .debug_line    0x0000201b      0x314 c:/altera/13.1/nios2eds/bin/gnu/h-i686-mingw32/bin/../lib/gcc/nios2-elf/4.7.3/../../../../../H-i686-mingw32/nios2-elf/lib/mno-hw-mul\libc.a(lib_a-freer.o)
 .debug_line    0x0000232f      0x25c c:/altera/13.1/nios2eds/bin/gnu/h-i686-mingw32/bin/../lib/gcc/nios2-elf/4.7.3/../../../../../H-i686-mingw32/nios2-elf/lib/mno-hw-mul\libc.a(lib_a-fwalk.o)
 .debug_line    0x0000258b       0x60 c:/altera/13.1/nios2eds/bin/gnu/h-i686-mingw32/bin/../lib/gcc/nios2-elf/4.7.3/../../../../../H-i686-mingw32/nios2-elf/lib/mno-hw-mul\libc.a(lib_a-int_errno.o)
 .debug_line    0x000025eb      0x296 c:/altera/13.1/nios2eds/bin/gnu/h-i686-mingw32/bin/../lib/gcc/nios2-elf/4.7.3/../../../../../H-i686-mingw32/nios2-elf/lib/mno-hw-mul\libc.a(lib_a-makebuf.o)
 .debug_line    0x00002881      0x1f4 c:/altera/13.1/nios2eds/bin/gnu/h-i686-mingw32/bin/../lib/gcc/nios2-elf/4.7.3/../../../../../H-i686-mingw32/nios2-elf/lib/mno-hw-mul\libc.a(lib_a-memset.o)
 .debug_line    0x00002a75      0x248 c:/altera/13.1/nios2eds/bin/gnu/h-i686-mingw32/bin/../lib/gcc/nios2-elf/4.7.3/../../../../../H-i686-mingw32/nios2-elf/lib/mno-hw-mul\libc.a(lib_a-stdio.o)
 .debug_line    0x00002cbd      0x216 c:/altera/13.1/nios2eds/bin/gnu/h-i686-mingw32/bin/../lib/gcc/nios2-elf/4.7.3/../../../../../H-i686-mingw32/nios2-elf/lib/mno-hw-mul\libc.a(lib_a-writer.o)
 .debug_line    0x00002ed3      0x216 c:/altera/13.1/nios2eds/bin/gnu/h-i686-mingw32/bin/../lib/gcc/nios2-elf/4.7.3/../../../../../H-i686-mingw32/nios2-elf/lib/mno-hw-mul\libc.a(lib_a-closer.o)
 .debug_line    0x000030e9      0x269 c:/altera/13.1/nios2eds/bin/gnu/h-i686-mingw32/bin/../lib/gcc/nios2-elf/4.7.3/../../../../../H-i686-mingw32/nios2-elf/lib/mno-hw-mul\libc.a(lib_a-fclose.o)
 .debug_line    0x00003352      0x21f c:/altera/13.1/nios2eds/bin/gnu/h-i686-mingw32/bin/../lib/gcc/nios2-elf/4.7.3/../../../../../H-i686-mingw32/nios2-elf/lib/mno-hw-mul\libc.a(lib_a-fstatr.o)
 .debug_line    0x00003571      0x217 c:/altera/13.1/nios2eds/bin/gnu/h-i686-mingw32/bin/../lib/gcc/nios2-elf/4.7.3/../../../../../H-i686-mingw32/nios2-elf/lib/mno-hw-mul\libc.a(lib_a-isattyr.o)
 .debug_line    0x00003788      0x221 c:/altera/13.1/nios2eds/bin/gnu/h-i686-mingw32/bin/../lib/gcc/nios2-elf/4.7.3/../../../../../H-i686-mingw32/nios2-elf/lib/mno-hw-mul\libc.a(lib_a-lseekr.o)
 .debug_line    0x000039a9      0x215 c:/altera/13.1/nios2eds/bin/gnu/h-i686-mingw32/bin/../lib/gcc/nios2-elf/4.7.3/../../../../../H-i686-mingw32/nios2-elf/lib/mno-hw-mul\libc.a(lib_a-readr.o)
 .debug_line    0x00003bbe       0x80 c:/altera/13.1/nios2eds/bin/gnu/h-i686-mingw32/bin/../lib/gcc/nios2-elf/4.7.3/mno-hw-mul\libgcc.a(lib2-mul.o)
 .debug_line    0x00003c3e      0x186 ../testing_bsp/\libhal_bsp.a(alt_close.o)
 .debug_line    0x00003dc4      0x119 ../testing_bsp/\libhal_bsp.a(alt_dev.o)
 .debug_line    0x00003edd       0x51 ../testing_bsp/\libhal_bsp.a(alt_errno.o)
 .debug_line    0x00003f2e      0x180 ../testing_bsp/\libhal_bsp.a(alt_fstat.o)
 .debug_line    0x000040ae       0xed ../testing_bsp/\libhal_bsp.a(alt_iic.o)
 .debug_line    0x0000419b       0xdb ../testing_bsp/\libhal_bsp.a(alt_iic_isr_register.o)
 .debug_line    0x00004276       0x6b ../testing_bsp/\libhal_bsp.a(alt_irq_entry.o)
 .debug_line    0x000042e1       0xae ../testing_bsp/\libhal_bsp.a(alt_irq_handler.o)
 .debug_line    0x0000438f       0x50 ../testing_bsp/\libhal_bsp.a(alt_irq_vars.o)
 .debug_line    0x000043df      0x180 ../testing_bsp/\libhal_bsp.a(alt_isatty.o)
 .debug_line    0x0000455f       0x92 ../testing_bsp/\libhal_bsp.a(alt_load.o)